<<오라클 수업 내용>>

SQL> select avg(sal), max(sal), min(sal);
select avg(sal), max(sal), min(sal)
                                  *
1행에 오류:
ORA-00923: FROM 키워드가 필요한 위치에 없습니다. 


SQL> select avg(sal), max(sal), min(sal)
  2  
SQL> select sum(sal) from emp;

  SUM(SAL)                                                                      
----------                                                                      
     29025                                                                      

SQL> select avg(sal), max(sal), min(sal) from emp;

  AVG(SAL)   MAX(SAL)   MIN(SAL)                                                
---------- ---------- ----------                                                
2073.21429       5000        800                                                

SQL> select ename, sal from emp where max(sal) * sal;
select ename, sal from emp where max(sal) * sal
                                 *
1행에 오류:
ORA-00934: 그룹 함수는 허가되지 않습니다 


SQL> select count(comm) from emp;

COUNT(COMM)                                                                     
-----------                                                                     
          4                                                                     

SQL> select comm from emp;

      COMM                                                                      
----------                                                                      
                                                                                
       300                                                                      
       500                                                                      
                                                                                
      1400                                                                      
                                                                                
                                                                                
                                                                                
                                                                                
         0                                                                      
                                                                                

      COMM                                                                      
----------                                                                      
                                                                                
                                                                                
                                                                                

14 개의 행이 선택되었습니다.

SQL> select count(comm) from emp where deptno * 10;
select count(comm) from emp where deptno * 10
                                            *
1행에 오류:
ORA-00920: 관계 연산자가 부적합합니다 


SQL> select count(comm) from emp where daptno * 10;
select count(comm) from emp where daptno * 10
                                            *
1행에 오류:
ORA-00920: 관계 연산자가 부적합합니다 


SQL> select count(comm) from emp where daptno * 1;
select count(comm) from emp where daptno * 1
                                           *
1행에 오류:
ORA-00920: 관계 연산자가 부적합합니다 


SQL> select count(comm) from emp where daptno * 10;
select count(comm) from emp where daptno * 10
                                            *
1행에 오류:
ORA-00920: 관계 연산자가 부적합합니다 


SQL> =
SP2-0042: 알 수 없는 명령어 "=" - 나머지 줄 무시.
SQL> select count(distinct job) 업무수 from emp;

    업무수                                                                      
----------                                                                      
         5                                                                      

SQL> select * from tab;

TNAME                          TABTYPE  CLUSTERID                               
------------------------------ ------- ----------                               
BONUS                          TABLE                                            
DEPT                           TABLE                                            
EMP                            TABLE                                            
SALGRADE                       TABLE                                            

SQL> select * from dept;

    DEPTNO DNAME          LOC                                                   
---------- -------------- -------------                                         
        10 ACCOUNTING     NEW YORK                                              
        20 RESEARCH       DALLAS                                                
        30 SALES          CHICAGO                                               
        40 OPERATIONS     BOSTON                                                

SQL> select count(comm) from emp where daptno = 10;
select count(comm) from emp where daptno = 10
                                  *
1행에 오류:
ORA-00904: "DAPTNO": 부적합한 식별자 


SQL> select count(comm) from emp where deptno = 10;

COUNT(COMM)                                                                     
-----------                                                                     
          0                                                                     

SQL> select * from emp;

     EMPNO ENAME      JOB              MGR HIREDATE        SAL       COMM       
---------- ---------- --------- ---------- -------- ---------- ----------       
    DEPTNO                                                                      
----------                                                                      
      7369 SMITH      CLERK           7902 80/12/17        800                  
        20                                                                      
                                                                                
      7499 ALLEN      SALESMAN        7698 81/02/20       1600        300       
        30                                                                      
                                                                                
      7521 WARD       SALESMAN        7698 81/02/22       1250        500       
        30                                                                      
                                                                                

     EMPNO ENAME      JOB              MGR HIREDATE        SAL       COMM       
---------- ---------- --------- ---------- -------- ---------- ----------       
    DEPTNO                                                                      
----------                                                                      
      7566 JONES      MANAGER         7839 81/04/02       2975                  
        20                                                                      
                                                                                
      7654 MARTIN     SALESMAN        7698 81/09/28       1250       1400       
        30                                                                      
                                                                                
      7698 BLAKE      MANAGER         7839 81/05/01       2850                  
        30                                                                      
                                                                                

     EMPNO ENAME      JOB              MGR HIREDATE        SAL       COMM       
---------- ---------- --------- ---------- -------- ---------- ----------       
    DEPTNO                                                                      
----------                                                                      
      7782 CLARK      MANAGER         7839 81/06/09       2450                  
        10                                                                      
                                                                                
      7788 SCOTT      ANALYST         7566 87/04/19       3000                  
        20                                                                      
                                                                                
      7839 KING       PRESIDENT            81/11/17       5000                  
        10                                                                      
                                                                                

     EMPNO ENAME      JOB              MGR HIREDATE        SAL       COMM       
---------- ---------- --------- ---------- -------- ---------- ----------       
    DEPTNO                                                                      
----------                                                                      
      7844 TURNER     SALESMAN        7698 81/09/08       1500          0       
        30                                                                      
                                                                                
      7876 ADAMS      CLERK           7788 87/05/23       1100                  
        20                                                                      
                                                                                
      7900 JAMES      CLERK           7698 81/12/03        950                  
        30                                                                      
                                                                                

     EMPNO ENAME      JOB              MGR HIREDATE        SAL       COMM       
---------- ---------- --------- ---------- -------- ---------- ----------       
    DEPTNO                                                                      
----------                                                                      
      7902 FORD       ANALYST         7566 81/12/03       3000                  
        20                                                                      
                                                                                
      7934 MILLER     CLERK           7782 82/01/23       1300                  
        10                                                                      
                                                                                

14 개의 행이 선택되었습니다.

SQL> select from tab;
select from tab
       *
1행에 오류:
ORA-00936: 누락된 표현식 


SQL> select * from tab;

TNAME                          TABTYPE  CLUSTERID                               
------------------------------ ------- ----------                               
BONUS                          TABLE                                            
DEPT                           TABLE                                            
EMP                            TABLE                                            
SALGRADE                       TABLE                                            

SQL> select * from dept;

    DEPTNO DNAME          LOC                                                   
---------- -------------- -------------                                         
        10 ACCOUNTING     NEW YORK                                              
        20 RESEARCH       DALLAS                                                
        30 SALES          CHICAGO                                               
        40 OPERATIONS     BOSTON                                                

SQL> select deptno, sal from emp order by deptno;

    DEPTNO        SAL                                                           
---------- ----------                                                           
        10       2450                                                           
        10       5000                                                           
        10       1300                                                           
        20       2975                                                           
        20       3000                                                           
        20       1100                                                           
        20        800                                                           
        20       3000                                                           
        30       1250                                                           
        30       1500                                                           
        30       1600                                                           

    DEPTNO        SAL                                                           
---------- ----------                                                           
        30        950                                                           
        30       2850                                                           
        30       1250                                                           

14 개의 행이 선택되었습니다.

SQL> select deptno, sum(sal) from emp group by deptno;

    DEPTNO   SUM(SAL)                                                           
---------- ----------                                                           
        30       9400                                                           
        20      10875                                                           
        10       8750                                                           

SQL> select deptno, count(sal) from emp group by deptno;

    DEPTNO COUNT(SAL)                                                           
---------- ----------                                                           
        30          6                                                           
        20          5                                                           
        10          3                                                           

SQL> select count(*), count(comm) from emp group by deptno;

  COUNT(*) COUNT(COMM)                                                          
---------- -----------                                                          
         6           4                                                          
         5           0                                                          
         3           0                                                          

SQL> select count(*), count(comm) from emp;

  COUNT(*) COUNT(COMM)                                                          
---------- -----------                                                          
        14           4                                                          

SQL> select count(comm) from emp having deptno = 10;
select count(comm) from emp having deptno = 10
                                   *
1행에 오류:
ORA-00979: GROUP BY 표현식이 아닙니다. 


SQL> select deptno, avg(sal) from emp where sal>=1000
  2  group by deptno having avg(sal >=2000;
group by deptno having avg(sal >=2000
                               *
2행에 오류:
ORA-00907: 누락된 우괄호 


SQL> select deptno, avg(sal) from emp where sal>=1000
  2  group by deptno having avg(sal>=2000);
group by deptno having avg(sal>=2000)
                              *
2행에 오류:
ORA-00907: 누락된 우괄호 


SQL> select deptno, avg(sal) from emp where sal>=1000
  2  group by deptno having avg(sal) >=2000);
group by deptno having avg(sal) >=2000)
                                      *
2행에 오류:
ORA-00933: SQL 명령어가 올바르게 종료되지 않았습니다 


SQL> group by deptno having avg(sal) >=2000;
SP2-0734: "group by d..."(으)로 시작되는 알 수 없는 명령 - 나머지 줄은 무시되었습니다.
SQL> select deptno, avg(sal) from emp where sal>=1000
  2  group by deptno having avg(sal) >=2000);
group by deptno having avg(sal) >=2000)
                                      *
2행에 오류:
ORA-00933: SQL 명령어가 올바르게 종료되지 않았습니다 


SQL> select deptno, avg(sal) from emp where sal>=1000
  2  group by deptno having avg(sal) >=2000;

    DEPTNO   AVG(SAL)                                                           
---------- ----------                                                           
        20    2518.75                                                           
        10 2916.66667                                                           

SQL> SELECT FROM EMP, DEPT
  2  ;
SELECT FROM EMP, DEPT
       *
1행에 오류:
ORA-00936: 누락된 표현식 


SQL> SELECT FROM EMP, DEPT;
SELECT FROM EMP, DEPT
       *
1행에 오류:
ORA-00936: 누락된 표현식 


SQL> select * from emp, dept;

     EMPNO ENAME      JOB              MGR HIREDATE        SAL       COMM       
---------- ---------- --------- ---------- -------- ---------- ----------       
    DEPTNO     DEPTNO DNAME          LOC                                        
---------- ---------- -------------- -------------                              
      7369 SMITH      CLERK           7902 80/12/17        800                  
        20         10 ACCOUNTING     NEW YORK                                   
                                                                                
      7499 ALLEN      SALESMAN        7698 81/02/20       1600        300       
        30         10 ACCOUNTING     NEW YORK                                   
                                                                                
      7521 WARD       SALESMAN        7698 81/02/22       1250        500       
        30         10 ACCOUNTING     NEW YORK                                   
                                                                                

     EMPNO ENAME      JOB              MGR HIREDATE        SAL       COMM       
---------- ---------- --------- ---------- -------- ---------- ----------       
    DEPTNO     DEPTNO DNAME          LOC                                        
---------- ---------- -------------- -------------                              
      7566 JONES      MANAGER         7839 81/04/02       2975                  
        20         10 ACCOUNTING     NEW YORK                                   
                                                                                
      7654 MARTIN     SALESMAN        7698 81/09/28       1250       1400       
        30         10 ACCOUNTING     NEW YORK                                   
                                                                                
      7698 BLAKE      MANAGER         7839 81/05/01       2850                  
        30         10 ACCOUNTING     NEW YORK                                   
                                                                                

     EMPNO ENAME      JOB              MGR HIREDATE        SAL       COMM       
---------- ---------- --------- ---------- -------- ---------- ----------       
    DEPTNO     DEPTNO DNAME          LOC                                        
---------- ---------- -------------- -------------                              
      7782 CLARK      MANAGER         7839 81/06/09       2450                  
        10         10 ACCOUNTING     NEW YORK                                   
                                                                                
      7788 SCOTT      ANALYST         7566 87/04/19       3000                  
        20         10 ACCOUNTING     NEW YORK                                   
                                                                                
      7839 KING       PRESIDENT            81/11/17       5000                  
        10         10 ACCOUNTING     NEW YORK                                   
                                                                                

     EMPNO ENAME      JOB              MGR HIREDATE        SAL       COMM       
---------- ---------- --------- ---------- -------- ---------- ----------       
    DEPTNO     DEPTNO DNAME          LOC                                        
---------- ---------- -------------- -------------                              
      7844 TURNER     SALESMAN        7698 81/09/08       1500          0       
        30         10 ACCOUNTING     NEW YORK                                   
                                                                                
      7876 ADAMS      CLERK           7788 87/05/23       1100                  
        20         10 ACCOUNTING     NEW YORK                                   
                                                                                
      7900 JAMES      CLERK           7698 81/12/03        950                  
        30         10 ACCOUNTING     NEW YORK                                   
                                                                                

     EMPNO ENAME      JOB              MGR HIREDATE        SAL       COMM       
---------- ---------- --------- ---------- -------- ---------- ----------       
    DEPTNO     DEPTNO DNAME          LOC                                        
---------- ---------- -------------- -------------                              
      7902 FORD       ANALYST         7566 81/12/03       3000                  
        20         10 ACCOUNTING     NEW YORK                                   
                                                                                
      7934 MILLER     CLERK           7782 82/01/23       1300                  
        10         10 ACCOUNTING     NEW YORK                                   
                                                                                
      7369 SMITH      CLERK           7902 80/12/17        800                  
        20         20 RESEARCH       DALLAS                                     
                                                                                

     EMPNO ENAME      JOB              MGR HIREDATE        SAL       COMM       
---------- ---------- --------- ---------- -------- ---------- ----------       
    DEPTNO     DEPTNO DNAME          LOC                                        
---------- ---------- -------------- -------------                              
      7499 ALLEN      SALESMAN        7698 81/02/20       1600        300       
        30         20 RESEARCH       DALLAS                                     
                                                                                
      7521 WARD       SALESMAN        7698 81/02/22       1250        500       
        30         20 RESEARCH       DALLAS                                     
                                                                                
      7566 JONES      MANAGER         7839 81/04/02       2975                  
        20         20 RESEARCH       DALLAS                                     
                                                                                

     EMPNO ENAME      JOB              MGR HIREDATE        SAL       COMM       
---------- ---------- --------- ---------- -------- ---------- ----------       
    DEPTNO     DEPTNO DNAME          LOC                                        
---------- ---------- -------------- -------------                              
      7654 MARTIN     SALESMAN        7698 81/09/28       1250       1400       
        30         20 RESEARCH       DALLAS                                     
                                                                                
      7698 BLAKE      MANAGER         7839 81/05/01       2850                  
        30         20 RESEARCH       DALLAS                                     
                                                                                
      7782 CLARK      MANAGER         7839 81/06/09       2450                  
        10         20 RESEARCH       DALLAS                                     
                                                                                

     EMPNO ENAME      JOB              MGR HIREDATE        SAL       COMM       
---------- ---------- --------- ---------- -------- ---------- ----------       
    DEPTNO     DEPTNO DNAME          LOC                                        
---------- ---------- -------------- -------------                              
      7788 SCOTT      ANALYST         7566 87/04/19       3000                  
        20         20 RESEARCH       DALLAS                                     
                                                                                
      7839 KING       PRESIDENT            81/11/17       5000                  
        10         20 RESEARCH       DALLAS                                     
                                                                                
      7844 TURNER     SALESMAN        7698 81/09/08       1500          0       
        30         20 RESEARCH       DALLAS                                     
                                                                                

     EMPNO ENAME      JOB              MGR HIREDATE        SAL       COMM       
---------- ---------- --------- ---------- -------- ---------- ----------       
    DEPTNO     DEPTNO DNAME          LOC                                        
---------- ---------- -------------- -------------                              
      7876 ADAMS      CLERK           7788 87/05/23       1100                  
        20         20 RESEARCH       DALLAS                                     
                                                                                
      7900 JAMES      CLERK           7698 81/12/03        950                  
        30         20 RESEARCH       DALLAS                                     
                                                                                
      7902 FORD       ANALYST         7566 81/12/03       3000                  
        20         20 RESEARCH       DALLAS                                     
                                                                                

     EMPNO ENAME      JOB              MGR HIREDATE        SAL       COMM       
---------- ---------- --------- ---------- -------- ---------- ----------       
    DEPTNO     DEPTNO DNAME          LOC                                        
---------- ---------- -------------- -------------                              
      7934 MILLER     CLERK           7782 82/01/23       1300                  
        10         20 RESEARCH       DALLAS                                     
                                                                                
      7369 SMITH      CLERK           7902 80/12/17        800                  
        20         30 SALES          CHICAGO                                    
                                                                                
      7499 ALLEN      SALESMAN        7698 81/02/20       1600        300       
        30         30 SALES          CHICAGO                                    
                                                                                

     EMPNO ENAME      JOB              MGR HIREDATE        SAL       COMM       
---------- ---------- --------- ---------- -------- ---------- ----------       
    DEPTNO     DEPTNO DNAME          LOC                                        
---------- ---------- -------------- -------------                              
      7521 WARD       SALESMAN        7698 81/02/22       1250        500       
        30         30 SALES          CHICAGO                                    
                                                                                
      7566 JONES      MANAGER         7839 81/04/02       2975                  
        20         30 SALES          CHICAGO                                    
                                                                                
      7654 MARTIN     SALESMAN        7698 81/09/28       1250       1400       
        30         30 SALES          CHICAGO                                    
                                                                                

     EMPNO ENAME      JOB              MGR HIREDATE        SAL       COMM       
---------- ---------- --------- ---------- -------- ---------- ----------       
    DEPTNO     DEPTNO DNAME          LOC                                        
---------- ---------- -------------- -------------                              
      7698 BLAKE      MANAGER         7839 81/05/01       2850                  
        30         30 SALES          CHICAGO                                    
                                                                                
      7782 CLARK      MANAGER         7839 81/06/09       2450                  
        10         30 SALES          CHICAGO                                    
                                                                                
      7788 SCOTT      ANALYST         7566 87/04/19       3000                  
        20         30 SALES          CHICAGO                                    
                                                                                

     EMPNO ENAME      JOB              MGR HIREDATE        SAL       COMM       
---------- ---------- --------- ---------- -------- ---------- ----------       
    DEPTNO     DEPTNO DNAME          LOC                                        
---------- ---------- -------------- -------------                              
      7839 KING       PRESIDENT            81/11/17       5000                  
        10         30 SALES          CHICAGO                                    
                                                                                
      7844 TURNER     SALESMAN        7698 81/09/08       1500          0       
        30         30 SALES          CHICAGO                                    
                                                                                
      7876 ADAMS      CLERK           7788 87/05/23       1100                  
        20         30 SALES          CHICAGO                                    
                                                                                

     EMPNO ENAME      JOB              MGR HIREDATE        SAL       COMM       
---------- ---------- --------- ---------- -------- ---------- ----------       
    DEPTNO     DEPTNO DNAME          LOC                                        
---------- ---------- -------------- -------------                              
      7900 JAMES      CLERK           7698 81/12/03        950                  
        30         30 SALES          CHICAGO                                    
                                                                                
      7902 FORD       ANALYST         7566 81/12/03       3000                  
        20         30 SALES          CHICAGO                                    
                                                                                
      7934 MILLER     CLERK           7782 82/01/23       1300                  
        10         30 SALES          CHICAGO                                    
                                                                                

     EMPNO ENAME      JOB              MGR HIREDATE        SAL       COMM       
---------- ---------- --------- ---------- -------- ---------- ----------       
    DEPTNO     DEPTNO DNAME          LOC                                        
---------- ---------- -------------- -------------                              
      7369 SMITH      CLERK           7902 80/12/17        800                  
        20         40 OPERATIONS     BOSTON                                     
                                                                                
      7499 ALLEN      SALESMAN        7698 81/02/20       1600        300       
        30         40 OPERATIONS     BOSTON                                     
                                                                                
      7521 WARD       SALESMAN        7698 81/02/22       1250        500       
        30         40 OPERATIONS     BOSTON                                     
                                                                                

     EMPNO ENAME      JOB              MGR HIREDATE        SAL       COMM       
---------- ---------- --------- ---------- -------- ---------- ----------       
    DEPTNO     DEPTNO DNAME          LOC                                        
---------- ---------- -------------- -------------                              
      7566 JONES      MANAGER         7839 81/04/02       2975                  
        20         40 OPERATIONS     BOSTON                                     
                                                                                
      7654 MARTIN     SALESMAN        7698 81/09/28       1250       1400       
        30         40 OPERATIONS     BOSTON                                     
                                                                                
      7698 BLAKE      MANAGER         7839 81/05/01       2850                  
        30         40 OPERATIONS     BOSTON                                     
                                                                                

     EMPNO ENAME      JOB              MGR HIREDATE        SAL       COMM       
---------- ---------- --------- ---------- -------- ---------- ----------       
    DEPTNO     DEPTNO DNAME          LOC                                        
---------- ---------- -------------- -------------                              
      7782 CLARK      MANAGER         7839 81/06/09       2450                  
        10         40 OPERATIONS     BOSTON                                     
                                                                                
      7788 SCOTT      ANALYST         7566 87/04/19       3000                  
        20         40 OPERATIONS     BOSTON                                     
                                                                                
      7839 KING       PRESIDENT            81/11/17       5000                  
        10         40 OPERATIONS     BOSTON                                     
                                                                                

     EMPNO ENAME      JOB              MGR HIREDATE        SAL       COMM       
---------- ---------- --------- ---------- -------- ---------- ----------       
    DEPTNO     DEPTNO DNAME          LOC                                        
---------- ---------- -------------- -------------                              
      7844 TURNER     SALESMAN        7698 81/09/08       1500          0       
        30         40 OPERATIONS     BOSTON                                     
                                                                                
      7876 ADAMS      CLERK           7788 87/05/23       1100                  
        20         40 OPERATIONS     BOSTON                                     
                                                                                
      7900 JAMES      CLERK           7698 81/12/03        950                  
        30         40 OPERATIONS     BOSTON                                     
                                                                                

     EMPNO ENAME      JOB              MGR HIREDATE        SAL       COMM       
---------- ---------- --------- ---------- -------- ---------- ----------       
    DEPTNO     DEPTNO DNAME          LOC                                        
---------- ---------- -------------- -------------                              
      7902 FORD       ANALYST         7566 81/12/03       3000                  
        20         40 OPERATIONS     BOSTON                                     
                                                                                
      7934 MILLER     CLERK           7782 82/01/23       1300                  
        10         40 OPERATIONS     BOSTON                                     
                                                                                

56 개의 행이 선택되었습니다.

SQL> select * from emp, dept where emp; deptno = dept; deptno;
select * from emp, dept where emp; deptno = dept; deptno
                                 *
1행에 오류:
ORA-00911: 문자가 부적합합니다 


SQL> select * from emp, dept where emp, deptno = dept, deptno;
select * from emp, dept where emp, deptno = dept, deptno
                                 *
1행에 오류:
ORA-00920: 관계 연산자가 부적합합니다 


SQL> select * from emp, dept where emp,deptno = dept, deptno;
select * from emp, dept where emp,deptno = dept, deptno
                                 *
1행에 오류:
ORA-00920: 관계 연산자가 부적합합니다 


SQL> select * from emp,dept where emp,deptno = dept,deptno;
select * from emp,dept where emp,deptno = dept,deptno
                                *
1행에 오류:
ORA-00920: 관계 연산자가 부적합합니다 


SQL> select * from emp, dept where emp = deptno = dept, deptno;
select * from emp, dept where emp = deptno = dept, deptno
                                           *
1행에 오류:
ORA-00933: SQL 명령어가 올바르게 종료되지 않았습니다 


SQL> select * from emp, dept where emp = dept deptno = dept, deptno;
select * from emp, dept where emp = dept deptno = dept, deptno
                                         *
1행에 오류:
ORA-00933: SQL 명령어가 올바르게 종료되지 않았습니다 


SQL> select * from emp, dept where emp = dept, deptno = dept, deptno;
select * from emp, dept where emp = dept, deptno = dept, deptno
                                        *
1행에 오류:
ORA-00933: SQL 명령어가 올바르게 종료되지 않았습니다 


SQL> select * from emp, dept where emp, deptno = dept, deptno;
select * from emp, dept where emp, deptno = dept, deptno
                                 *
1행에 오류:
ORA-00920: 관계 연산자가 부적합합니다 


SQL> select * from emp, dept where deptno = dept, deptno;
select * from emp, dept where deptno = dept, deptno
                                           *
1행에 오류:
ORA-00933: SQL 명령어가 올바르게 종료되지 않았습니다 


SQL> select ename, dname from emp, dept where emp, deptno=dept,deptno and ename='SCOTT';
select ename, dname from emp, dept where emp, deptno=dept,deptno and ename='SCOTT'
                                            *
1행에 오류:
ORA-00920: 관계 연산자가 부적합합니다 


SQL> select ename, dname from emp, dept where emp.deptno=dept,deptno and ename='SCOTT';
select ename, dname from emp, dept where emp.deptno=dept,deptno and ename='SCOTT'
                                                        *
1행에 오류:
ORA-00933: SQL 명령어가 올바르게 종료되지 않았습니다 


SQL> select ename, dname from emp, dept where emp.deptno=dept.deptno and ename='SCOTT';

ENAME      DNAME                                                                
---------- --------------                                                       
SCOTT      RESEARCH                                                             

SQL> select e.ename, d.dname, e.deptno, d.deptno from emp e, dept d, where e.deptno=d.deptno and ename='SCOTT';
select e.ename, d.dname, e.deptno, d.deptno from emp e, dept d, where e.deptno=d.deptno and ename='SCOTT'
                                                                *
1행에 오류:
ORA-00903: 테이블명이 부적합합니다 


SQL> select e.ename, d.dname, e.deptno, d.deptno from emp e, dept d, where e.deptno=d.deptno and e.ename='SCOTT';
select e.ename, d.dname, e.deptno, d.deptno from emp e, dept d, where e.deptno=d.deptno and e.ename='SCOTT'
                                                                *
1행에 오류:
ORA-00903: 테이블명이 부적합합니다 


SQL> select e.ename, d.dname, e.deptno, d.deptno from emp e, dept d where e.deptno=d.deptno and e.ename='SCOTT';

ENAME      DNAME              DEPTNO     DEPTNO                                 
---------- -------------- ---------- ----------                                 
SCOTT      RESEARCH               20         20                                 

SQL> select * FROM EMP;

     EMPNO ENAME      JOB              MGR HIREDATE        SAL       COMM       
---------- ---------- --------- ---------- -------- ---------- ----------       
    DEPTNO                                                                      
----------                                                                      
      7369 SMITH      CLERK           7902 80/12/17        800                  
        20                                                                      
                                                                                
      7499 ALLEN      SALESMAN        7698 81/02/20       1600        300       
        30                                                                      
                                                                                
      7521 WARD       SALESMAN        7698 81/02/22       1250        500       
        30                                                                      
                                                                                

     EMPNO ENAME      JOB              MGR HIREDATE        SAL       COMM       
---------- ---------- --------- ---------- -------- ---------- ----------       
    DEPTNO                                                                      
----------                                                                      
      7566 JONES      MANAGER         7839 81/04/02       2975                  
        20                                                                      
                                                                                
      7654 MARTIN     SALESMAN        7698 81/09/28       1250       1400       
        30                                                                      
                                                                                
      7698 BLAKE      MANAGER         7839 81/05/01       2850                  
        30                                                                      
                                                                                

     EMPNO ENAME      JOB              MGR HIREDATE        SAL       COMM       
---------- ---------- --------- ---------- -------- ---------- ----------       
    DEPTNO                                                                      
----------                                                                      
      7782 CLARK      MANAGER         7839 81/06/09       2450                  
        10                                                                      
                                                                                
      7788 SCOTT      ANALYST         7566 87/04/19       3000                  
        20                                                                      
                                                                                
      7839 KING       PRESIDENT            81/11/17       5000                  
        10                                                                      
                                                                                

     EMPNO ENAME      JOB              MGR HIREDATE        SAL       COMM       
---------- ---------- --------- ---------- -------- ---------- ----------       
    DEPTNO                                                                      
----------                                                                      
      7844 TURNER     SALESMAN        7698 81/09/08       1500          0       
        30                                                                      
                                                                                
      7876 ADAMS      CLERK           7788 87/05/23       1100                  
        20                                                                      
                                                                                
      7900 JAMES      CLERK           7698 81/12/03        950                  
        30                                                                      
                                                                                

     EMPNO ENAME      JOB              MGR HIREDATE        SAL       COMM       
---------- ---------- --------- ---------- -------- ---------- ----------       
    DEPTNO                                                                      
----------                                                                      
      7902 FORD       ANALYST         7566 81/12/03       3000                  
        20                                                                      
                                                                                
      7934 MILLER     CLERK           7782 82/01/23       1300                  
        10                                                                      
                                                                                

14 개의 행이 선택되었습니다.

SQL> select * from dept;

    DEPTNO DNAME          LOC                                                   
---------- -------------- -------------                                         
        10 ACCOUNTING     NEW YORK                                              
        20 RESEARCH       DALLAS                                                
        30 SALES          CHICAGO                                               
        40 OPERATIONS     BOSTON                                                

SQL> select ename, sal from emp, dept where dept.loc ='new york';

선택된 레코드가 없습니다.

SQL> select ename, sal from emp, dept where dept.loc ='NEW YORK';

ENAME             SAL                                                           
---------- ----------                                                           
SMITH             800                                                           
ALLEN            1600                                                           
WARD             1250                                                           
JONES            2975                                                           
MARTIN           1250                                                           
BLAKE            2850                                                           
CLARK            2450                                                           
SCOTT            3000                                                           
KING             5000                                                           
TURNER           1500                                                           
ADAMS            1100                                                           

ENAME             SAL                                                           
---------- ----------                                                           
JAMES             950                                                           
FORD             3000                                                           
MILLER           1300                                                           

14 개의 행이 선택되었습니다.

SQL> 
SQL> 
SQL> select ename, dname from emp e, dept d where job = 'MANAGER';

ENAME      DNAME                                                                
---------- --------------                                                       
JONES      ACCOUNTING                                                           
JONES      RESEARCH                                                             
JONES      SALES                                                                
JONES      OPERATIONS                                                           
BLAKE      ACCOUNTING                                                           
BLAKE      RESEARCH                                                             
BLAKE      SALES                                                                
BLAKE      OPERATIONS                                                           
CLARK      ACCOUNTING                                                           
CLARK      RESEARCH                                                             
CLARK      SALES                                                                

ENAME      DNAME                                                                
---------- --------------                                                       
CLARK      OPERATIONS                                                           

12 개의 행이 선택되었습니다.

SQL> select e.ename, d.dname from emp e, dept d where job = 'MANAGER';

ENAME      DNAME                                                                
---------- --------------                                                       
JONES      ACCOUNTING                                                           
JONES      RESEARCH                                                             
JONES      SALES                                                                
JONES      OPERATIONS                                                           
BLAKE      ACCOUNTING                                                           
BLAKE      RESEARCH                                                             
BLAKE      SALES                                                                
BLAKE      OPERATIONS                                                           
CLARK      ACCOUNTING                                                           
CLARK      RESEARCH                                                             
CLARK      SALES                                                                

ENAME      DNAME                                                                
---------- --------------                                                       
CLARK      OPERATIONS                                                           

12 개의 행이 선택되었습니다.

SQL> select e.ename, d.dname from emp e, dept d where e.deptno = d.deptno and e.job = 'MANAGER';

ENAME      DNAME                                                                
---------- --------------                                                       
JONES      RESEARCH                                                             
BLAKE      SALES                                                                
CLARK      ACCOUNTING                                                           

SQL> ename, sal, grade from emp, salgrade where sal between losal and hisal;
SP2-0734: "ename, sal..."(으)로 시작되는 알 수 없는 명령 - 나머지 줄은 무시되었습니다.
SQL> select ename, sal, grade from emp, salgrade where sal between losal and hisal;

ENAME             SAL      GRADE                                                
---------- ---------- ----------                                                
SMITH             800          1                                                
JAMES             950          1                                                
ADAMS            1100          1                                                
WARD             1250          2                                                
MARTIN           1250          2                                                
MILLER           1300          2                                                
TURNER           1500          3                                                
ALLEN            1600          3                                                
CLARK            2450          4                                                
BLAKE            2850          4                                                
JONES            2975          4                                                

ENAME             SAL      GRADE                                                
---------- ---------- ----------                                                
SCOTT            3000          4                                                
FORD             3000          4                                                
KING             5000          5                                                

14 개의 행이 선택되었습니다.

SQL> select ename, sal, grade from emp, salgrade;

ENAME             SAL      GRADE                                                
---------- ---------- ----------                                                
SMITH             800          1                                                
ALLEN            1600          1                                                
WARD             1250          1                                                
JONES            2975          1                                                
MARTIN           1250          1                                                
BLAKE            2850          1                                                
CLARK            2450          1                                                
SCOTT            3000          1                                                
KING             5000          1                                                
TURNER           1500          1                                                
ADAMS            1100          1                                                

ENAME             SAL      GRADE                                                
---------- ---------- ----------                                                
JAMES             950          1                                                
FORD             3000          1                                                
MILLER           1300          1                                                
SMITH             800          2                                                
ALLEN            1600          2                                                
WARD             1250          2                                                
JONES            2975          2                                                
MARTIN           1250          2                                                
BLAKE            2850          2                                                
CLARK            2450          2                                                
SCOTT            3000          2                                                

ENAME             SAL      GRADE                                                
---------- ---------- ----------                                                
KING             5000          2                                                
TURNER           1500          2                                                
ADAMS            1100          2                                                
JAMES             950          2                                                
FORD             3000          2                                                
MILLER           1300          2                                                
SMITH             800          3                                                
ALLEN            1600          3                                                
WARD             1250          3                                                
JONES            2975          3                                                
MARTIN           1250          3                                                

ENAME             SAL      GRADE                                                
---------- ---------- ----------                                                
BLAKE            2850          3                                                
CLARK            2450          3                                                
SCOTT            3000          3                                                
KING             5000          3                                                
TURNER           1500          3                                                
ADAMS            1100          3                                                
JAMES             950          3                                                
FORD             3000          3                                                
MILLER           1300          3                                                
SMITH             800          4                                                
ALLEN            1600          4                                                

ENAME             SAL      GRADE                                                
---------- ---------- ----------                                                
WARD             1250          4                                                
JONES            2975          4                                                
MARTIN           1250          4                                                
BLAKE            2850          4                                                
CLARK            2450          4                                                
SCOTT            3000          4                                                
KING             5000          4                                                
TURNER           1500          4                                                
ADAMS            1100          4                                                
JAMES             950          4                                                
FORD             3000          4                                                

ENAME             SAL      GRADE                                                
---------- ---------- ----------                                                
MILLER           1300          4                                                
SMITH             800          5                                                
ALLEN            1600          5                                                
WARD             1250          5                                                
JONES            2975          5                                                
MARTIN           1250          5                                                
BLAKE            2850          5                                                
CLARK            2450          5                                                
SCOTT            3000          5                                                
KING             5000          5                                                
TURNER           1500          5                                                

ENAME             SAL      GRADE                                                
---------- ---------- ----------                                                
ADAMS            1100          5                                                
JAMES             950          5                                                
FORD             3000          5                                                
MILLER           1300          5                                                

70 개의 행이 선택되었습니다.

SQL> select e.name, m.ename from emp e, emp m
  2  where e.mgr = m.empno;
select e.name, m.ename from emp e, emp m
       *
1행에 오류:
ORA-00904: "E"."NAME": 부적합한 식별자 


SQL> where e.mgr = m.empno;
SP2-0734: "where e.mg..."(으)로 시작되는 알 수 없는 명령 - 나머지 줄은 무시되었습니다.
SQL> select e.name, m.ename from emp e, emp m
  2  where e.mgr = m.empno;
select e.name, m.ename from emp e, emp m
       *
1행에 오류:
ORA-00904: "E"."NAME": 부적합한 식별자 


SQL> select e.ename, m.ename from emp e, emp m where e.mgr = m.empno;

ENAME      ENAME                                                                
---------- ----------                                                           
FORD       JONES                                                                
SCOTT      JONES                                                                
JAMES      BLAKE                                                                
TURNER     BLAKE                                                                
MARTIN     BLAKE                                                                
WARD       BLAKE                                                                
ALLEN      BLAKE                                                                
MILLER     CLARK                                                                
ADAMS      SCOTT                                                                
CLARK      KING                                                                 
BLAKE      KING                                                                 

ENAME      ENAME                                                                
---------- ----------                                                           
JONES      KING                                                                 
SMITH      FORD                                                                 

13 개의 행이 선택되었습니다.

SQL> select ename, job emp;
select ename, job emp
                    *
1행에 오류:
ORA-00923: FROM 키워드가 필요한 위치에 없습니다. 


SQL> select ename, job from emp;

ENAME      JOB                                                                  
---------- ---------                                                            
SMITH      CLERK                                                                
ALLEN      SALESMAN                                                             
WARD       SALESMAN                                                             
JONES      MANAGER                                                              
MARTIN     SALESMAN                                                             
BLAKE      MANAGER                                                              
CLARK      MANAGER                                                              
SCOTT      ANALYST                                                              
KING       PRESIDENT                                                            
TURNER     SALESMAN                                                             
ADAMS      CLERK                                                                

ENAME      JOB                                                                  
---------- ---------                                                            
JAMES      CLERK                                                                
FORD       ANALYST                                                              
MILLER     CLERK                                                                

14 개의 행이 선택되었습니다.

SQL> ;
  1* select ename, job from emp
SQL> 
SQL> 
SQL> 
SQL> select ename, loc from emp, dept;

ENAME      LOC                                                                  
---------- -------------                                                        
SMITH      NEW YORK                                                             
ALLEN      NEW YORK                                                             
WARD       NEW YORK                                                             
JONES      NEW YORK                                                             
MARTIN     NEW YORK                                                             
BLAKE      NEW YORK                                                             
CLARK      NEW YORK                                                             
SCOTT      NEW YORK                                                             
KING       NEW YORK                                                             
TURNER     NEW YORK                                                             
ADAMS      NEW YORK                                                             

ENAME      LOC                                                                  
---------- -------------                                                        
JAMES      NEW YORK                                                             
FORD       NEW YORK                                                             
MILLER     NEW YORK                                                             
SMITH      DALLAS                                                               
ALLEN      DALLAS                                                               
WARD       DALLAS                                                               
JONES      DALLAS                                                               
MARTIN     DALLAS                                                               
BLAKE      DALLAS                                                               
CLARK      DALLAS                                                               
SCOTT      DALLAS                                                               

ENAME      LOC                                                                  
---------- -------------                                                        
KING       DALLAS                                                               
TURNER     DALLAS                                                               
ADAMS      DALLAS                                                               
JAMES      DALLAS                                                               
FORD       DALLAS                                                               
MILLER     DALLAS                                                               
SMITH      CHICAGO                                                              
ALLEN      CHICAGO                                                              
WARD       CHICAGO                                                              
JONES      CHICAGO                                                              
MARTIN     CHICAGO                                                              

ENAME      LOC                                                                  
---------- -------------                                                        
BLAKE      CHICAGO                                                              
CLARK      CHICAGO                                                              
SCOTT      CHICAGO                                                              
KING       CHICAGO                                                              
TURNER     CHICAGO                                                              
ADAMS      CHICAGO                                                              
JAMES      CHICAGO                                                              
FORD       CHICAGO                                                              
MILLER     CHICAGO                                                              
SMITH      BOSTON                                                               
ALLEN      BOSTON                                                               

ENAME      LOC                                                                  
---------- -------------                                                        
WARD       BOSTON                                                               
JONES      BOSTON                                                               
MARTIN     BOSTON                                                               
BLAKE      BOSTON                                                               
CLARK      BOSTON                                                               
SCOTT      BOSTON                                                               
KING       BOSTON                                                               
TURNER     BOSTON                                                               
ADAMS      BOSTON                                                               
JAMES      BOSTON                                                               
FORD       BOSTON                                                               

ENAME      LOC                                                                  
---------- -------------                                                        
MILLER     BOSTON                                                               

56 개의 행이 선택되었습니다.

SQL> select * from dept;

    DEPTNO DNAME          LOC                                                   
---------- -------------- -------------                                         
        10 ACCOUNTING     NEW YORK                                              
        20 RESEARCH       DALLAS                                                
        30 SALES          CHICAGO                                               
        40 OPERATIONS     BOSTON                                                

SQL> select deptno, ename from emp;

    DEPTNO ENAME                                                                
---------- ----------                                                           
        20 SMITH                                                                
        30 ALLEN                                                                
        30 WARD                                                                 
        20 JONES                                                                
        30 MARTIN                                                               
        30 BLAKE                                                                
        10 CLARK                                                                
        20 SCOTT                                                                
        10 KING                                                                 
        30 TURNER                                                               
        20 ADAMS                                                                

    DEPTNO ENAME                                                                
---------- ----------                                                           
        30 JAMES                                                                
        20 FORD                                                                 
        10 MILLER                                                               

14 개의 행이 선택되었습니다.

SQL> select ename from emp where deptno=20;

ENAME                                                                           
----------                                                                      
SMITH                                                                           
JONES                                                                           
SCOTT                                                                           
ADAMS                                                                           
FORD                                                                            

SQL> select ename from emp, dept where LOC='DALLAS';

ENAME                                                                           
----------                                                                      
SMITH                                                                           
ALLEN                                                                           
WARD                                                                            
JONES                                                                           
MARTIN                                                                          
BLAKE                                                                           
CLARK                                                                           
SCOTT                                                                           
KING                                                                            
TURNER                                                                          
ADAMS                                                                           

ENAME                                                                           
----------                                                                      
JAMES                                                                           
FORD                                                                            
MILLER                                                                          

14 개의 행이 선택되었습니다.

SQL> select e.ename, m.ename from emp e, emp m
  2  where e.ename='SCOTT' and e.deptno=m.deptno;

ENAME      ENAME                                                                
---------- ----------                                                           
SCOTT      SMITH                                                                
SCOTT      JONES                                                                
SCOTT      SCOTT                                                                
SCOTT      ADAMS                                                                
SCOTT      FORD                                                                 

SQL> spool off

SQL> select dname
  2  from dept
  3  where deptno = (select deptno from emp where ename='SCOTT');

DNAME                                                                           
--------------                                                                  
RESEARCH                                                                        

SQL> --10번 부서에서 근무하는 사원의 이름과 10번 부서의 부서명을 출력
SQL> --주석입니다.
SQL> select e.ename, d.dname
  2  from emp e, dept d
  3  where e.deptno=d.deptno and d.deptno=10;

ENAME      DNAME                                                                
---------- --------------                                                       
CLARK      ACCOUNTING                                                           
KING       ACCOUNTING                                                           
MILLER     ACCOUNTING                                                           

SQL> --이거슨 조인으로 만드는 경우입니다.
SQL> select e.ename, d.dname
  2  from emp e. (select deptno, dname from dept where deptno=10) d
  3  where d.deptno=e.deptno;
from emp e. (select deptno, dname from dept where deptno=10) d
          *
2행에 오류:
ORA-00933: SQL 명령어가 올바르게 종료되지 않았습니다 


SQL> select e.ename, d.dname
  2  from emp e. (select deptno, dname from dept where deptno=10) d
  3  where d,deptno=e.deptno;
from emp e. (select deptno, dname from dept where deptno=10) d
          *
2행에 오류:
ORA-00933: SQL 명령어가 올바르게 종료되지 않았습니다 


SQL> select e.ename, d.dname
  2  from emp e, (select deptno, dname from dept where deptno=10) d
  3  where d.deptno=e.deptno;

ENAME      DNAME                                                                
---------- --------------                                                       
CLARK      ACCOUNTING                                                           
KING       ACCOUNTING                                                           
MILLER     ACCOUNTING                                                           

SQL> select ename, deptno
  2  from emp
  3  where deptno=(select deptno from emp where ename='SCOTT');

ENAME          DEPTNO                                                           
---------- ----------                                                           
SMITH              20                                                           
JONES              20                                                           
SCOTT              20                                                           
ADAMS              20                                                           
FORD               20                                                           

SQL> select * from+ emp where job = (select job from emp where ename='SCOTT');
select * from+ emp where job = (select job from emp where ename='SCOTT')
             *
1행에 오류:
ORA-00903: 테이블명이 부적합합니다 


SQL> select * from emp where job = (select job from emp where ename='SCOTT');

     EMPNO ENAME      JOB              MGR HIREDATE        SAL       COMM       
---------- ---------- --------- ---------- -------- ---------- ----------       
    DEPTNO                                                                      
----------                                                                      
      7788 SCOTT      ANALYST         7566 87/04/19       3000                  
        20                                                                      
                                                                                
      7902 FORD       ANALYST         7566 81/12/03       3000                  
        20                                                                      
                                                                                

SQL> select ename, sal from emp
  2  where deptno=(select deptno from dept where dname='SALES');

ENAME             SAL                                                           
---------- ----------                                                           
ALLEN            1600                                                           
WARD             1250                                                           
MARTIN           1250                                                           
BLAKE            2850                                                           
TURNER           1500                                                           
JAMES             950                                                           

6 개의 행이 선택되었습니다.

SQL> select ename, sal
  2  from emp
  3  where deptno=(select deptno from dept where dname='SALES');

ENAME             SAL                                                           
---------- ----------                                                           
ALLEN            1600                                                           
WARD             1250                                                           
MARTIN           1250                                                           
BLAKE            2850                                                           
TURNER           1500                                                           
JAMES             950                                                           

6 개의 행이 선택되었습니다.

SQL> --10번 부서 사원 중에서 최대 급여를 받는 사원과 동일한 급여를 받는 사원 번호와 사원명을 출력 하세요.
SQL> select empno, ename from emp
  2  where sal = (select max(sal) from emp where deptno=10);

     EMPNO ENAME                                                                
---------- ----------                                                           
      7839 KING                                                                 

SQL> --BLAKE와 같은 부서에서 근무하는 사원을 출력 하세요.
SQL> --단, BLAKE는 출력되지 않습니다.
SQL> select * from emp
  2  where deptno in(select deptno from emp where ename='BLAKE')
  3  and ename !='BLAKE';

     EMPNO ENAME      JOB              MGR HIREDATE        SAL       COMM       
---------- ---------- --------- ---------- -------- ---------- ----------       
    DEPTNO                                                                      
----------                                                                      
      7900 JAMES      CLERK           7698 81/12/03        950                  
        30                                                                      
                                                                                
      7844 TURNER     SALESMAN        7698 81/09/08       1500          0       
        30                                                                      
                                                                                
      7654 MARTIN     SALESMAN        7698 81/09/28       1250       1400       
        30                                                                      
                                                                                

     EMPNO ENAME      JOB              MGR HIREDATE        SAL       COMM       
---------- ---------- --------- ---------- -------- ---------- ----------       
    DEPTNO                                                                      
----------                                                                      
      7521 WARD       SALESMAN        7698 81/02/22       1250        500       
        30                                                                      
                                                                                
      7499 ALLEN      SALESMAN        7698 81/02/20       1600        300       
        30                                                                      
                                                                                

SQL> --급여를 3000이상 받는 사원이 소속된 부서를 찾고 해당 부서에서 근무하는
SQL> --사원을 출력 하세요. in 사용
SQL> select empno, ename, sal, deptno
  2  from emp
  3  where sal in(select max(sal) from emp group by deptno);

     EMPNO ENAME             SAL     DEPTNO                                     
---------- ---------- ---------- ----------                                     
      7698 BLAKE            2850         30                                     
      7788 SCOTT            3000         20                                     
      7839 KING             5000         10                                     
      7902 FORD             3000         20                                     

SQL> select deptno, dname, loc
  2  from dept
  3  where deptno in(select deptno from emp where job='MANAGER');

    DEPTNO DNAME          LOC                                                   
---------- -------------- -------------                                         
        10 ACCOUNTING     NEW YORK                                              
        20 RESEARCH       DALLAS                                                
        30 SALES          CHICAGO                                               

SQL> 
SQL> create table sam01
  2  ( year01 interval year(3) to month);

테이블이 생성되었습니다.

SQL> insert into sam01 values(interval '36' month(3));

1 개의 행이 만들어졌습니다.

SQL> select  from sam01
  2  ;
select  from sam01
        *
1행에 오류:
ORA-00936: 누락된 표현식 


SQL> select * from sam01;

YEAR01                                                                          
---------------------------------------------------------------------------     
+003-00                                                                         

SQL> select year01, sysdate, sysdateyear01 from sam01;
select year01, sysdate, sysdateyear01 from sam01
                        *
1행에 오류:
ORA-00904: "SYSDATEYEAR01": 부적합한 식별자 


SQL> select year01, sysdate. sysdateyear01 from sam01;
select year01, sysdate. sysdateyear01 from sam01
                      *
1행에 오류:
ORA-00923: FROM 키워드가 필요한 위치에 없습니다. 


SQL> select year01, sysdate, sysdateyear01 from sam01;
select year01, sysdate, sysdateyear01 from sam01
                        *
1행에 오류:
ORA-00904: "SYSDATEYEAR01": 부적합한 식별자 


SQL> select year01, sysdate, sysdate+year01 from sam01;

YEAR01                                                                          
---------------------------------------------------------------------------     
SYSDATE  SYSDATE+                                                               
-------- --------                                                               
+003-00                                                                         
17/04/14 20/04/14                                                               
                                                                                

SQL> spool off


SQL> text 해보자
SP2-0734: "text 해보..."(으)로 시작되는 알 수 없는 명령 - 나머지 줄은 무시되었습니다.
SQL> spool off
SQL> select * from tab;

TNAME                          TABTYPE  CLUSTERID                               
------------------------------ ------- ----------                               
BONUS                          TABLE                                            
DEPT                           TABLE                                            
EMP                            TABLE                                            
SALGRADE                       TABLE                                            
SAM01                          TABLE                                            

SQL> desc emp01
ERROR:
ORA-04043: emp01 객체는 존재하지 않습니다. 


SQL> create table sam01
  2  insert into sam01 values
  3  Select * from sam01;
insert into sam01 values
*
2행에 오류:
ORA-00922: 누락된 또는 부적합한 옵션 


SQL> select * from sam01;

YEAR01                                                                          
---------------------------------------------------------------------------     
+003-00                                                                         

SQL> select year01, sysdate, sysdate+year01 from sam01;

YEAR01                                                                          
---------------------------------------------------------------------------     
SYSDATE  SYSDATE+                                                               
-------- --------                                                               
+003-00                                                                         
17/04/14 20/04/14                                                               
                                                                                

SQL> select * from tab;

TNAME                          TABTYPE  CLUSTERID                               
------------------------------ ------- ----------                               
BONUS                          TABLE                                            
DEPT                           TABLE                                            
EMP                            TABLE                                            
SALGRADE                       TABLE                                            
SAM01                          TABLE                                            

SQL> create table emp01 as select * from emp;

테이블이 생성되었습니다.

SQL> select * from emp02;
select * from emp02
              *
1행에 오류:
ORA-00942: 테이블 또는 뷰가 존재하지 않습니다 


SQL> select * from emp02;
select * from emp02
              *
1행에 오류:
ORA-00942: 테이블 또는 뷰가 존재하지 않습니다 


SQL> select * from emp01;

     EMPNO ENAME      JOB              MGR HIREDATE        SAL       COMM       
---------- ---------- --------- ---------- -------- ---------- ----------       
    DEPTNO                                                                      
----------                                                                      
      7369 SMITH      CLERK           7902 80/12/17        800                  
        20                                                                      
                                                                                
      7499 ALLEN      SALESMAN        7698 81/02/20       1600        300       
        30                                                                      
                                                                                
      7521 WARD       SALESMAN        7698 81/02/22       1250        500       
        30                                                                      
                                                                                

     EMPNO ENAME      JOB              MGR HIREDATE        SAL       COMM       
---------- ---------- --------- ---------- -------- ---------- ----------       
    DEPTNO                                                                      
----------                                                                      
      7566 JONES      MANAGER         7839 81/04/02       2975                  
        20                                                                      
                                                                                
      7654 MARTIN     SALESMAN        7698 81/09/28       1250       1400       
        30                                                                      
                                                                                
      7698 BLAKE      MANAGER         7839 81/05/01       2850                  
        30                                                                      
                                                                                

     EMPNO ENAME      JOB              MGR HIREDATE        SAL       COMM       
---------- ---------- --------- ---------- -------- ---------- ----------       
    DEPTNO                                                                      
----------                                                                      
      7782 CLARK      MANAGER         7839 81/06/09       2450                  
        10                                                                      
                                                                                
      7788 SCOTT      ANALYST         7566 87/04/19       3000                  
        20                                                                      
                                                                                
      7839 KING       PRESIDENT            81/11/17       5000                  
        10                                                                      
                                                                                

     EMPNO ENAME      JOB              MGR HIREDATE        SAL       COMM       
---------- ---------- --------- ---------- -------- ---------- ----------       
    DEPTNO                                                                      
----------                                                                      
      7844 TURNER     SALESMAN        7698 81/09/08       1500          0       
        30                                                                      
                                                                                
      7876 ADAMS      CLERK           7788 87/05/23       1100                  
        20                                                                      
                                                                                
      7900 JAMES      CLERK           7698 81/12/03        950                  
        30                                                                      
                                                                                

     EMPNO ENAME      JOB              MGR HIREDATE        SAL       COMM       
---------- ---------- --------- ---------- -------- ---------- ----------       
    DEPTNO                                                                      
----------                                                                      
      7902 FORD       ANALYST         7566 81/12/03       3000                  
        20                                                                      
                                                                                
      7934 MILLER     CLERK           7782 82/01/23       1300                  
        10                                                                      
                                                                                

14 개의 행이 선택되었습니다.

SQL> create table emp01 as select * from emp where 1=0;
create table emp01 as select * from emp where 1=0
             *
1행에 오류:
ORA-00955: 기존의 객체가 이름을 사용하고 있습니다. 


SQL> create table emp03 as select * from emp where 1=0;

테이블이 생성되었습니다.

SQL> select * from emp03;

선택된 레코드가 없습니다.

SQL> desc emp03
 이름                                      널?      유형
 ----------------------------------------- -------- ----------------------------
 EMPNO                                              NUMBER(4)
 ENAME                                              VARCHAR2(10)
 JOB                                                VARCHAR2(9)
 MGR                                                NUMBER(4)
 HIREDATE                                           DATE
 SAL                                                NUMBER(7,2)
 COMM                                               NUMBER(7,2)
 DEPTNO                                             NUMBER(2)

SQL> spool off


SQL> Desc dept02;
ERROR:
ORA-04043: dept02 객체는 존재하지 않습니다. 


SQL> desc dept02;
ERROR:
ORA-04043: dept02 객체는 존재하지 않습니다. 


SQL> create table dept02 as select * from dept;

테이블이 생성되었습니다.

SQL> alter table dept02 add(dngr number(4));

테이블이 변경되었습니다.

SQL> desc tept02
ERROR:
ORA-04043: tept02 객체는 존재하지 않습니다. 


SQL> desc dept02
 이름                                      널?      유형
 ----------------------------------------- -------- ----------------------------
 DEPTNO                                             NUMBER(2)
 DNAME                                              VARCHAR2(14)
 LOC                                                VARCHAR2(13)
 DNGR                                               NUMBER(4)

SQL> host

SQL> ALTER TABLE EMP01
  2  MODIFY(JOB NUMBER(5));
MODIFY(JOB NUMBER(5))
       *
2행에 오류:
ORA-01439: 데이터 유형을 변경할 열은 비어 있어야 합니다 


SQL> DESC EMP01
 이름                                      널?      유형
 ----------------------------------------- -------- ----------------------------
 EMPNO                                              NUMBER(4)
 ENAME                                              VARCHAR2(10)
 JOB                                                VARCHAR2(9)
 MGR                                                NUMBER(4)
 HIREDATE                                           DATE
 SAL                                                NUMBER(7,2)
 COMM                                               NUMBER(7,2)
 DEPTNO                                             NUMBER(2)

SQL> ALTER TABLE EMP01
  2  MODIFY(JOB VARCHAR2(5));
MODIFY(JOB VARCHAR2(5))
       *
2행에 오류:
ORA-01441: 일부 값이 너무 커서 열 길이를 줄일 수 없음 


SQL> SELECT JOB FROM EMP01;

JOB                                                                             
---------                                                                       
CLERK                                                                           
SALESMAN                                                                        
SALESMAN                                                                        
MANAGER                                                                         
SALESMAN                                                                        
MANAGER                                                                         
MANAGER                                                                         
ANALYST                                                                         
PRESIDENT                                                                       
SALESMAN                                                                        
CLERK                                                                           

JOB                                                                             
---------                                                                       
CLERK                                                                           
ANALYST                                                                         
CLERK                                                                           

14 개의 행이 선택되었습니다.

SQL> ALTER TABLE EMP001 DROP COLUMN JOB;
ALTER TABLE EMP001 DROP COLUMN JOB
*
1행에 오류:
ORA-00942: 테이블 또는 뷰가 존재하지 않습니다 


SQL> alter table emp001 drop column job;
alter table emp001 drop column job
*
1행에 오류:
ORA-00942: 테이블 또는 뷰가 존재하지 않습니다 


SQL> desc emp001
ERROR:
ORA-04043: emp001 객체는 존재하지 않습니다. 


SQL> alter table emp002 drop column dmgr;
alter table emp002 drop column dmgr
*
1행에 오류:
ORA-00942: 테이블 또는 뷰가 존재하지 않습니다 


SQL> select dmgr from dept02;
select dmgr from dept02
       *
1행에 오류:
ORA-00904: "DMGR": 부적합한 식별자 


SQL> select DMGR from dept02;
select DMGR from dept02
       *
1행에 오류:
ORA-00904: "DMGR": 부적합한 식별자 


SQL> desc dept02;
 이름                                      널?      유형
 ----------------------------------------- -------- ----------------------------
 DEPTNO                                             NUMBER(2)
 DNAME                                              VARCHAR2(14)
 LOC                                                VARCHAR2(13)
 DNGR                                               NUMBER(4)

SQL> select dngr from dept02;

      DNGR                                                                      
----------                                                                      
                                                                                
                                                                                
                                                                                
                                                                                

SQL> alter table dept02 drop('dngr');
alter table dept02 drop('dngr')
                        *
1행에 오류:
ORA-00904: : 부적합한 식별자 


SQL> alter table dept02 drop(dngr);

테이블이 변경되었습니다.

SQL> desc table dept02;
사용법: DESCRIBE [schema.]object[@db_link]
SQL> desc dept02;
 이름                                      널?      유형
 ----------------------------------------- -------- ----------------------------
 DEPTNO                                             NUMBER(2)
 DNAME                                              VARCHAR2(14)
 LOC                                                VARCHAR2(13)

SQL> alter table dept02
  2  set unused(loc);

테이블이 변경되었습니다.

SQL> desc dept02
 이름                                      널?      유형
 ----------------------------------------- -------- ----------------------------
 DEPTNO                                             NUMBER(2)
 DNAME                                              VARCHAR2(14)

SQL> ALTER TABLE DEPT02
  2  DROP UNUSED COLUMNS;

테이블이 변경되었습니다.

SQL> DROP TABLE DEPT02;

테이블이 삭제되었습니다.

SQL> SELECT * FROM DEPT02;
SELECT * FROM DEPT02
              *
1행에 오류:
ORA-00942: 테이블 또는 뷰가 존재하지 않습니다 


SQL> SELECT * FROM TAB;

TNAME                          TABTYPE  CLUSTERID                               
------------------------------ ------- ----------                               
BIN$LVn9K3YpT6+59fZN3m2p8g==$0 TABLE                                            
BONUS                          TABLE                                            
DEPT                           TABLE                                            
EMP                            TABLE                                            
EMP01                          TABLE                                            
EMP03                          TABLE                                            
SALGRADE                       TABLE                                            
SAM01                          TABLE                                            

8 개의 행이 선택되었습니다.

SQL> select * from emp001;
select * from emp001
              *
1행에 오류:
ORA-00942: 테이블 또는 뷰가 존재하지 않습니다 


SQL> select * from emp01;

     EMPNO ENAME      JOB              MGR HIREDATE        SAL       COMM       
---------- ---------- --------- ---------- -------- ---------- ----------       
    DEPTNO                                                                      
----------                                                                      
      7369 SMITH      CLERK           7902 80/12/17        800                  
        20                                                                      
                                                                                
      7499 ALLEN      SALESMAN        7698 81/02/20       1600        300       
        30                                                                      
                                                                                
      7521 WARD       SALESMAN        7698 81/02/22       1250        500       
        30                                                                      
                                                                                

     EMPNO ENAME      JOB              MGR HIREDATE        SAL       COMM       
---------- ---------- --------- ---------- -------- ---------- ----------       
    DEPTNO                                                                      
----------                                                                      
      7566 JONES      MANAGER         7839 81/04/02       2975                  
        20                                                                      
                                                                                
      7654 MARTIN     SALESMAN        7698 81/09/28       1250       1400       
        30                                                                      
                                                                                
      7698 BLAKE      MANAGER         7839 81/05/01       2850                  
        30                                                                      
                                                                                

     EMPNO ENAME      JOB              MGR HIREDATE        SAL       COMM       
---------- ---------- --------- ---------- -------- ---------- ----------       
    DEPTNO                                                                      
----------                                                                      
      7782 CLARK      MANAGER         7839 81/06/09       2450                  
        10                                                                      
                                                                                
      7788 SCOTT      ANALYST         7566 87/04/19       3000                  
        20                                                                      
                                                                                
      7839 KING       PRESIDENT            81/11/17       5000                  
        10                                                                      
                                                                                

     EMPNO ENAME      JOB              MGR HIREDATE        SAL       COMM       
---------- ---------- --------- ---------- -------- ---------- ----------       
    DEPTNO                                                                      
----------                                                                      
      7844 TURNER     SALESMAN        7698 81/09/08       1500          0       
        30                                                                      
                                                                                
      7876 ADAMS      CLERK           7788 87/05/23       1100                  
        20                                                                      
                                                                                
      7900 JAMES      CLERK           7698 81/12/03        950                  
        30                                                                      
                                                                                

     EMPNO ENAME      JOB              MGR HIREDATE        SAL       COMM       
---------- ---------- --------- ---------- -------- ---------- ----------       
    DEPTNO                                                                      
----------                                                                      
      7902 FORD       ANALYST         7566 81/12/03       3000                  
        20                                                                      
                                                                                
      7934 MILLER     CLERK           7782 82/01/23       1300                  
        10                                                                      
                                                                                

14 개의 행이 선택되었습니다.

SQL> truncate table emp001;
truncate table emp001
               *
1행에 오류:
ORA-00942: 테이블 또는 뷰가 존재하지 않습니다 


SQL> truncate table emp01;

테이블이 잘렸습니다.

SQL> truncate table emp01;

테이블이 잘렸습니다.

SQL> select * from emp01;

선택된 레코드가 없습니다.

SQL> desc emp01;
 이름                                      널?      유형
 ----------------------------------------- -------- ----------------------------
 EMPNO                                              NUMBER(4)
 ENAME                                              VARCHAR2(10)
 JOB                                                VARCHAR2(9)
 MGR                                                NUMBER(4)
 HIREDATE                                           DATE
 SAL                                                NUMBER(7,2)
 COMM                                               NUMBER(7,2)
 DEPTNO                                             NUMBER(2)

SQL> rename old_name to new_name
  2  rename emp02 to test;
rename emp02 to test
*
2행에 오류:
ORA-00933: SQL 명령어가 올바르게 종료되지 않았습니다 


SQL> rename emp02 to test;
rename emp02 to test
*
1행에 오류:
ORA-04043: EMP02 객체는 존재하지 않습니다. 


SQL> desc emp02;
ERROR:
ORA-04043: emp02 객체는 존재하지 않습니다. 


SQL> desc tab;
 이름                                      널?      유형
 ----------------------------------------- -------- ----------------------------
 TNAME                                     NOT NULL VARCHAR2(30)
 TABTYPE                                            VARCHAR2(7)
 CLUSTERID                                          NUMBER

SQL> select * from tab;

TNAME                          TABTYPE  CLUSTERID                               
------------------------------ ------- ----------                               
BIN$LVn9K3YpT6+59fZN3m2p8g==$0 TABLE                                            
BONUS                          TABLE                                            
DEPT                           TABLE                                            
EMP                            TABLE                                            
EMP01                          TABLE                                            
EMP03                          TABLE                                            
SALGRADE                       TABLE                                            
SAM01                          TABLE                                            

8 개의 행이 선택되었습니다.

SQL> rename emp03 to test;

테이블 이름이 변경되었습니다.

SQL> select * from tab;

TNAME                          TABTYPE  CLUSTERID                               
------------------------------ ------- ----------                               
BIN$LVn9K3YpT6+59fZN3m2p8g==$0 TABLE                                            
BONUS                          TABLE                                            
DEPT                           TABLE                                            
EMP                            TABLE                                            
EMP01                          TABLE                                            
SALGRADE                       TABLE                                            
SAM01                          TABLE                                            
TEST                           TABLE                                            

8 개의 행이 선택되었습니다.

SQL> rename test to emp03;

테이블 이름이 변경되었습니다.

SQL> select * from tab;

TNAME                          TABTYPE  CLUSTERID                               
------------------------------ ------- ----------                               
BIN$LVn9K3YpT6+59fZN3m2p8g==$0 TABLE                                            
BONUS                          TABLE                                            
DEPT                           TABLE                                            
EMP                            TABLE                                            
EMP01                          TABLE                                            
EMP03                          TABLE                                            
SALGRADE                       TABLE                                            
SAM01                          TABLE                                            

8 개의 행이 선택되었습니다.

SQL> show user;
USER은 "SCOTT"입니다
SQL> desc user_tables;
 이름                                      널?      유형
 ----------------------------------------- -------- ----------------------------
 TABLE_NAME                                NOT NULL VARCHAR2(30)
 TABLESPACE_NAME                                    VARCHAR2(30)
 CLUSTER_NAME                                       VARCHAR2(30)
 IOT_NAME                                           VARCHAR2(30)
 STATUS                                             VARCHAR2(8)
 PCT_FREE                                           NUMBER
 PCT_USED                                           NUMBER
 INI_TRANS                                          NUMBER
 MAX_TRANS                                          NUMBER
 INITIAL_EXTENT                                     NUMBER
 NEXT_EXTENT                                        NUMBER
 MIN_EXTENTS                                        NUMBER
 MAX_EXTENTS                                        NUMBER
 PCT_INCREASE                                       NUMBER
 FREELISTS                                          NUMBER
 FREELIST_GROUPS                                    NUMBER
 LOGGING                                            VARCHAR2(3)
 BACKED_UP                                          VARCHAR2(1)
 NUM_ROWS                                           NUMBER
 BLOCKS                                             NUMBER
 EMPTY_BLOCKS                                       NUMBER
 AVG_SPACE                                          NUMBER
 CHAIN_CNT                                          NUMBER
 AVG_ROW_LEN                                        NUMBER
 AVG_SPACE_FREELIST_BLOCKS                          NUMBER
 NUM_FREELIST_BLOCKS                                NUMBER
 DEGREE                                             VARCHAR2(10)
 INSTANCES                                          VARCHAR2(10)
 CACHE                                              VARCHAR2(5)
 TABLE_LOCK                                         VARCHAR2(8)
 SAMPLE_SIZE                                        NUMBER
 LAST_ANALYZED                                      DATE
 PARTITIONED                                        VARCHAR2(3)
 IOT_TYPE                                           VARCHAR2(12)
 TEMPORARY                                          VARCHAR2(1)
 SECONDARY                                          VARCHAR2(1)
 NESTED                                             VARCHAR2(3)
 BUFFER_POOL                                        VARCHAR2(7)
 FLASH_CACHE                                        VARCHAR2(7)
 CELL_FLASH_CACHE                                   VARCHAR2(7)
 ROW_MOVEMENT                                       VARCHAR2(8)
 GLOBAL_STATS                                       VARCHAR2(3)
 USER_STATS                                         VARCHAR2(3)
 DURATION                                           VARCHAR2(15)
 SKIP_CORRUPT                                       VARCHAR2(8)
 MONITORING                                         VARCHAR2(3)
 CLUSTER_OWNER                                      VARCHAR2(30)
 DEPENDENCIES                                       VARCHAR2(8)
 COMPRESSION                                        VARCHAR2(8)
 COMPRESS_FOR                                       VARCHAR2(12)
 DROPPED                                            VARCHAR2(3)
 READ_ONLY                                          VARCHAR2(3)
 SEGMENT_CREATED                                    VARCHAR2(3)
 RESULT_CACHE                                       VARCHAR2(7)

SQL> conn system
연결되었습니다.
SQL> conn sys
ERROR:
ORA-28009: connection as SYS should be as SYSDBA or SYSOPER 


경고: 이제는 ORACLE에 연결되어 있지 않습니다.
SQL> conn sys/shstkstl1 as sysdba
연결되었습니다.
SQL> alter user system identified by tiger;

사용자가 변경되었습니다.

SQL> conn system/tiger;
연결되었습니다.
SQL> conn sys/tiger as sysdba;
연결되었습니다.
SQL> conn scott/tiger;
연결되었습니다.
SQL> desc user_tables;
 이름                                      널?      유형
 ----------------------------------------- -------- ----------------------------
 TABLE_NAME                                NOT NULL VARCHAR2(30)
 TABLESPACE_NAME                                    VARCHAR2(30)
 CLUSTER_NAME                                       VARCHAR2(30)
 IOT_NAME                                           VARCHAR2(30)
 STATUS                                             VARCHAR2(8)
 PCT_FREE                                           NUMBER
 PCT_USED                                           NUMBER
 INI_TRANS                                          NUMBER
 MAX_TRANS                                          NUMBER
 INITIAL_EXTENT                                     NUMBER
 NEXT_EXTENT                                        NUMBER
 MIN_EXTENTS                                        NUMBER
 MAX_EXTENTS                                        NUMBER
 PCT_INCREASE                                       NUMBER
 FREELISTS                                          NUMBER
 FREELIST_GROUPS                                    NUMBER
 LOGGING                                            VARCHAR2(3)
 BACKED_UP                                          VARCHAR2(1)
 NUM_ROWS                                           NUMBER
 BLOCKS                                             NUMBER
 EMPTY_BLOCKS                                       NUMBER
 AVG_SPACE                                          NUMBER
 CHAIN_CNT                                          NUMBER
 AVG_ROW_LEN                                        NUMBER
 AVG_SPACE_FREELIST_BLOCKS                          NUMBER
 NUM_FREELIST_BLOCKS                                NUMBER
 DEGREE                                             VARCHAR2(10)
 INSTANCES                                          VARCHAR2(10)
 CACHE                                              VARCHAR2(5)
 TABLE_LOCK                                         VARCHAR2(8)
 SAMPLE_SIZE                                        NUMBER
 LAST_ANALYZED                                      DATE
 PARTITIONED                                        VARCHAR2(3)
 IOT_TYPE                                           VARCHAR2(12)
 TEMPORARY                                          VARCHAR2(1)
 SECONDARY                                          VARCHAR2(1)
 NESTED                                             VARCHAR2(3)
 BUFFER_POOL                                        VARCHAR2(7)
 FLASH_CACHE                                        VARCHAR2(7)
 CELL_FLASH_CACHE                                   VARCHAR2(7)
 ROW_MOVEMENT                                       VARCHAR2(8)
 GLOBAL_STATS                                       VARCHAR2(3)
 USER_STATS                                         VARCHAR2(3)
 DURATION                                           VARCHAR2(15)
 SKIP_CORRUPT                                       VARCHAR2(8)
 MONITORING                                         VARCHAR2(3)
 CLUSTER_OWNER                                      VARCHAR2(30)
 DEPENDENCIES                                       VARCHAR2(8)
 COMPRESSION                                        VARCHAR2(8)
 COMPRESS_FOR                                       VARCHAR2(12)
 DROPPED                                            VARCHAR2(3)
 READ_ONLY                                          VARCHAR2(3)
 SEGMENT_CREATED                                    VARCHAR2(3)
 RESULT_CACHE                                       VARCHAR2(7)

SQL> conn system/123456
ERROR:
ORA-01017: invalid username/password; logon denied 


경고: 이제는 ORACLE에 연결되어 있지 않습니다.
SQL> conn system
연결되었습니다.
SQL> conn system
ERROR:
ORA-01017: invalid username/password; logon denied 


경고: 이제는 ORACLE에 연결되어 있지 않습니다.
SQL> show user;
USER은 ""입니다
SQL> conn system
연결되었습니다.
SQL> show user;
USER은 "SYSTEM"입니다
SQL> select owner, table_name from
  2  dba_tables
  3  where owner='system';

선택된 레코드가 없습니다.

SQL> where owner='SYSTEM';
SP2-0734: "where owne..."(으)로 시작되는 알 수 없는 명령 - 나머지 줄은 무시되었습니다.
SQL> select owner, table_name from
  2  dba_tables
  3  where owner='SYSTEM';

OWNER                          TABLE_NAME                                       
------------------------------ ------------------------------                   
SYSTEM                         LOGMNR_PARAMETER$                                
SYSTEM                         LOGMNR_SESSION$                                  
SYSTEM                         MVIEW$_ADV_WORKLOAD                              
SYSTEM                         MVIEW$_ADV_BASETABLE                             
SYSTEM                         MVIEW$_ADV_SQLDEPEND                             
SYSTEM                         MVIEW$_ADV_PRETTY                                
SYSTEM                         MVIEW$_ADV_TEMP                                  
SYSTEM                         MVIEW$_ADV_FILTER                                
SYSTEM                         MVIEW$_ADV_LOG                                   
SYSTEM                         MVIEW$_ADV_FILTERINSTANCE                        
SYSTEM                         MVIEW$_ADV_LEVEL                                 

OWNER                          TABLE_NAME                                       
------------------------------ ------------------------------                   
SYSTEM                         MVIEW$_ADV_ROLLUP                                
SYSTEM                         MVIEW$_ADV_AJG                                   
SYSTEM                         MVIEW$_ADV_FJG                                   
SYSTEM                         MVIEW$_ADV_GC                                    
SYSTEM                         MVIEW$_ADV_CLIQUE                                
SYSTEM                         MVIEW$_ADV_ELIGIBLE                              
SYSTEM                         MVIEW$_ADV_OUTPUT                                
SYSTEM                         MVIEW$_ADV_EXCEPTIONS                            
SYSTEM                         MVIEW$_ADV_PARAMETERS                            
SYSTEM                         MVIEW$_ADV_INFO                                  
SYSTEM                         MVIEW$_ADV_JOURNAL                               

OWNER                          TABLE_NAME                                       
------------------------------ ------------------------------                   
SYSTEM                         MVIEW$_ADV_PLAN                                  
SYSTEM                         AQ$_QUEUE_TABLES                                 
SYSTEM                         AQ$_QUEUES                                       
SYSTEM                         AQ$_SCHEDULES                                    
SYSTEM                         AQ$_INTERNET_AGENTS                              
SYSTEM                         AQ$_INTERNET_AGENT_PRIVS                         
SYSTEM                         DEF$_ERROR                                       
SYSTEM                         DEF$_DESTINATION                                 
SYSTEM                         DEF$_CALLDEST                                    
SYSTEM                         DEF$_DEFAULTDEST                                 
SYSTEM                         DEF$_LOB                                         

OWNER                          TABLE_NAME                                       
------------------------------ ------------------------------                   
SYSTEM                         DEF$_PROPAGATOR                                  
SYSTEM                         DEF$_ORIGIN                                      
SYSTEM                         DEF$_PUSHED_TRANSACTIONS                         
SYSTEM                         REPCAT$_REPCAT                                   
SYSTEM                         REPCAT$_FLAVORS                                  
SYSTEM                         REPCAT$_REPSCHEMA                                
SYSTEM                         REPCAT$_SNAPGROUP                                
SYSTEM                         REPCAT$_REPOBJECT                                
SYSTEM                         REPCAT$_REPCOLUMN                                
SYSTEM                         REPCAT$_KEY_COLUMNS                              
SYSTEM                         REPCAT$_GENERATED                                

OWNER                          TABLE_NAME                                       
------------------------------ ------------------------------                   
SYSTEM                         REPCAT$_REPPROP                                  
SYSTEM                         REPCAT$_REPCATLOG                                
SYSTEM                         REPCAT$_DDL                                      
SYSTEM                         REPCAT$_REPGROUP_PRIVS                           
SYSTEM                         REPCAT$_PRIORITY_GROUP                           
SYSTEM                         REPCAT$_PRIORITY                                 
SYSTEM                         REPCAT$_COLUMN_GROUP                             
SYSTEM                         REPCAT$_GROUPED_COLUMN                           
SYSTEM                         REPCAT$_CONFLICT                                 
SYSTEM                         REPCAT$_RESOLUTION_METHOD                        
SYSTEM                         REPCAT$_RESOLUTION                               

OWNER                          TABLE_NAME                                       
------------------------------ ------------------------------                   
SYSTEM                         REPCAT$_RESOLUTION_STATISTICS                    
SYSTEM                         REPCAT$_RESOL_STATS_CONTROL                      
SYSTEM                         REPCAT$_PARAMETER_COLUMN                         
SYSTEM                         REPCAT$_AUDIT_ATTRIBUTE                          
SYSTEM                         REPCAT$_AUDIT_COLUMN                             
SYSTEM                         REPCAT$_FLAVOR_OBJECTS                           
SYSTEM                         REPCAT$_TEMPLATE_STATUS                          
SYSTEM                         REPCAT$_TEMPLATE_TYPES                           
SYSTEM                         REPCAT$_REFRESH_TEMPLATES                        
SYSTEM                         REPCAT$_USER_AUTHORIZATIONS                      
SYSTEM                         REPCAT$_OBJECT_TYPES                             

OWNER                          TABLE_NAME                                       
------------------------------ ------------------------------                   
SYSTEM                         REPCAT$_TEMPLATE_REFGROUPS                       
SYSTEM                         REPCAT$_TEMPLATE_OBJECTS                         
SYSTEM                         REPCAT$_TEMPLATE_PARMS                           
SYSTEM                         REPCAT$_OBJECT_PARMS                             
SYSTEM                         REPCAT$_USER_PARM_VALUES                         
SYSTEM                         REPCAT$_TEMPLATE_SITES                           
SYSTEM                         REPCAT$_SITE_OBJECTS                             
SYSTEM                         REPCAT$_RUNTIME_PARMS                            
SYSTEM                         REPCAT$_TEMPLATE_TARGETS                         
SYSTEM                         REPCAT$_EXCEPTIONS                               
SYSTEM                         REPCAT$_INSTANTIATION_DDL                        

OWNER                          TABLE_NAME                                       
------------------------------ ------------------------------                   
SYSTEM                         REPCAT$_EXTENSION                                
SYSTEM                         REPCAT$_SITES_NEW                                
SYSTEM                         LOGSTDBY$PARAMETERS                              
SYSTEM                         LOGSTDBY$EVENTS                                  
SYSTEM                         LOGSTDBY$APPLY_MILESTONE                         
SYSTEM                         LOGSTDBY$SCN                                     
SYSTEM                         LOGSTDBY$FLASHBACK_SCN                           
SYSTEM                         LOGSTDBY$PLSQL                                   
SYSTEM                         LOGSTDBY$SKIP_TRANSACTION                        
SYSTEM                         LOGSTDBY$SKIP                                    
SYSTEM                         LOGSTDBY$SKIP_SUPPORT                            

OWNER                          TABLE_NAME                                       
------------------------------ ------------------------------                   
SYSTEM                         LOGSTDBY$HISTORY                                 
SYSTEM                         LOGSTDBY$EDS_TABLES                              
SYSTEM                         DEF$_AQCALL                                      
SYSTEM                         DEF$_AQERROR                                     
SYSTEM                         SQLPLUS_PRODUCT_PROFILE                          
SYSTEM                         HELP                                             
SYSTEM                         MVIEW$_ADV_INDEX                                 
SYSTEM                         MVIEW$_ADV_PARTITION                             
SYSTEM                         LOGMNR_GT_TAB_INCLUDE$                           
SYSTEM                         LOGMNR_GT_USER_INCLUDE$                          
SYSTEM                         LOGMNR_GT_XID_INCLUDE$                           

OWNER                          TABLE_NAME                                       
------------------------------ ------------------------------                   
SYSTEM                         LOGMNRT_MDDL$                                    
SYSTEM                         OL$                                              
SYSTEM                         OL$HINTS                                         
SYSTEM                         OL$NODES                                         
SYSTEM                         LOGMNR_DICTSTATE$                                
SYSTEM                         LOGMNRC_GTLO                                     
SYSTEM                         LOGMNRC_GTCS                                     
SYSTEM                         LOGMNRC_GSII                                     
SYSTEM                         LOGMNRC_GSBA                                     
SYSTEM                         LOGMNR_SEED$                                     
SYSTEM                         LOGMNR_DICTIONARY$                               

OWNER                          TABLE_NAME                                       
------------------------------ ------------------------------                   
SYSTEM                         LOGMNR_OBJ$                                      
SYSTEM                         LOGMNR_TAB$                                      
SYSTEM                         LOGMNR_COL$                                      
SYSTEM                         LOGMNR_ATTRCOL$                                  
SYSTEM                         LOGMNR_TS$                                       
SYSTEM                         LOGMNR_IND$                                      
SYSTEM                         LOGMNR_USER$                                     
SYSTEM                         LOGMNR_TABPART$                                  
SYSTEM                         LOGMNR_TABSUBPART$                               
SYSTEM                         LOGMNR_TABCOMPART$                               
SYSTEM                         LOGMNR_TYPE$                                     

OWNER                          TABLE_NAME                                       
------------------------------ ------------------------------                   
SYSTEM                         LOGMNR_COLTYPE$                                  
SYSTEM                         LOGMNR_ATTRIBUTE$                                
SYSTEM                         LOGMNR_LOB$                                      
SYSTEM                         LOGMNR_CDEF$                                     
SYSTEM                         LOGMNR_CCOL$                                     
SYSTEM                         LOGMNR_ICOL$                                     
SYSTEM                         LOGMNR_LOBFRAG$                                  
SYSTEM                         LOGMNR_INDPART$                                  
SYSTEM                         LOGMNR_INDSUBPART$                               
SYSTEM                         LOGMNR_INDCOMPART$                               
SYSTEM                         LOGMNR_LOGMNR_BUILDLOG                           

OWNER                          TABLE_NAME                                       
------------------------------ ------------------------------                   
SYSTEM                         LOGMNR_NTAB$                                     
SYSTEM                         LOGMNR_OPQTYPE$                                  
SYSTEM                         LOGMNR_SUBCOLTYPE$                               
SYSTEM                         LOGMNR_KOPM$                                     
SYSTEM                         LOGMNR_PROPS$                                    
SYSTEM                         LOGMNR_ENC$                                      
SYSTEM                         LOGMNR_REFCON$                                   
SYSTEM                         LOGMNR_PARTOBJ$                                  
SYSTEM                         LOGMNRP_CTAS_PART_MAP                            
SYSTEM                         LOGSTDBY$APPLY_PROGRESS                          
SYSTEM                         MVIEW$_ADV_OWB                                   

OWNER                          TABLE_NAME                                       
------------------------------ ------------------------------                   
SYSTEM                         LOGMNRC_DBNAME_UID_MAP                           
SYSTEM                         LOGMNR_RESTART_CKPT$                             
SYSTEM                         LOGMNR_AGE_SPILL$                                
SYSTEM                         LOGMNR_SESSION_EVOLVE$                           
SYSTEM                         LOGMNR_UID$                                      
SYSTEM                         LOGMNR_SESSION_ACTIONS$                          
SYSTEM                         LOGMNR_SPILL$                                    
SYSTEM                         LOGMNR_FILTER$                                   
SYSTEM                         LOGMNR_PROCESSED_LOG$                            
SYSTEM                         LOGMNR_GLOBAL$                                   
SYSTEM                         LOGMNR_RESTART_CKPT_TXINFO$                      

OWNER                          TABLE_NAME                                       
------------------------------ ------------------------------                   
SYSTEM                         LOGMNR_LOG$                                      
SYSTEM                         LOGMNR_ERROR$                                    

156 개의 행이 선택되었습니다.

SQL> conn scott/tiger
연결되었습니다.
SQL> conn system/1234
ERROR:
ORA-01017: invalid username/password; logon denied 


경고: 이제는 ORACLE에 연결되어 있지 않습니다.
SQL> conn scott/tiger
연결되었습니다.
SQL> CREATE TABLE DEPT01 AS SELECFT * FROM DEPT;
CREATE TABLE DEPT01 AS SELECFT * FROM DEPT
                       *
1행에 오류:
ORA-00928: 누락된 SELECT 키워드 


SQL> create table dept01 as select * from dept;

테이블이 생성되었습니다.

SQL> insert into dept01(deptno, danme, loc)
  2  valuse(60, '회계과','서울');
valuse(60, '회계과','서울')
*
2행에 오류:
ORA-00926: 누락된 VALUES 키워드 


SQL> insert into dept01(deptno, danme, loc)
  2  values(60, '회계과','서울');
insert into dept01(deptno, danme, loc)
                           *
1행에 오류:
ORA-00904: "DANME": 부적합한 식별자 


SQL> insert into dept01(deptno, danme, loc)
  2  values(60, '회계과','서울');
insert into dept01(deptno, danme, loc)
                           *
1행에 오류:
ORA-00904: "DANME": 부적합한 식별자 


SQL> insert into dept01(deptno, dname, loc)
  2  values(60, '회계과','서울');

1 개의 행이 만들어졌습니다.

SQL> select * from dept01;

    DEPTNO DNAME          LOC                                                   
---------- -------------- -------------                                         
        10 ACCOUNTING     NEW YORK                                              
        20 RESEARCH       DALLAS                                                
        30 SALES          CHICAGO                                               
        40 OPERATIONS     BOSTON                                                
        60 회계과         서울                                                  

SQL> insert into dept01 values(50,'자재과','경기');

1 개의 행이 만들어졌습니다.

SQL> desc dept01
 이름                                      널?      유형
 ----------------------------------------- -------- ----------------------------
 DEPTNO                                             NUMBER(2)
 DNAME                                              VARCHAR2(14)
 LOC                                                VARCHAR2(13)

SQL> select * from dept01;

    DEPTNO DNAME          LOC                                                   
---------- -------------- -------------                                         
        10 ACCOUNTING     NEW YORK                                              
        20 RESEARCH       DALLAS                                                
        30 SALES          CHICAGO                                               
        40 OPERATIONS     BOSTON                                                
        60 회계과         서울                                                  
        50 자재과         경기                                                  

6 개의 행이 선택되었습니다.

SQL> insert into dept01 values(70,'자재과',loc);
insert into dept01 values(70,'자재과',loc)
                                      *
1행에 오류:
ORA-00984: 열을 사용할 수 없습니다 


SQL> insert into dept01(deptno, loc) values(55,'경기');

1 개의 행이 만들어졌습니다.

SQL> select * from dept01;

    DEPTNO DNAME          LOC                                                   
---------- -------------- -------------                                         
        10 ACCOUNTING     NEW YORK                                              
        20 RESEARCH       DALLAS                                                
        30 SALES          CHICAGO                                               
        40 OPERATIONS     BOSTON                                                
        60 회계과         서울                                                  
        50 자재과         경기                                                  
        55                경기                                                  

7 개의 행이 선택되었습니다.

SQL> insert into dept01(deptno, dnmae) values('영업부','
  2  insert into dept01(deptno, dnmae) values('영업부','수원',56);
ERROR:
ORA-01756: 단일 인용부를 지정해 주십시오 


SQL> insert into dept01(deptno, dnmae) values('영업부','수원',56);
insert into dept01(deptno, dnmae) values('영업부','수원',56)
            *
1행에 오류:
ORA-00913: 값의 수가 너무 많습니다 


SQL> insert into dept01(deptno, dnmae) values('영업부','수원');
insert into dept01(deptno, dnmae) values('영업부','수원')
                           *
1행에 오류:
ORA-00904: "DNMAE": 부적합한 식별자 


SQL> insert into dept01(dname, loc, deptno) values('영업부','수원',56);

1 개의 행이 만들어졌습니다.

SQL> select * from dept01;

    DEPTNO DNAME          LOC                                                   
---------- -------------- -------------                                         
        10 ACCOUNTING     NEW YORK                                              
        20 RESEARCH       DALLAS                                                
        30 SALES          CHICAGO                                               
        40 OPERATIONS     BOSTON                                                
        60 회계과         서울                                                  
        50 자재과         경기                                                  
        55                경기                                                  
        56 영업부         수원                                                  

8 개의 행이 선택되었습니다.

SQL> insert into dept01 values(70,'자재과',loc);
insert into dept01 values(70,'자재과',loc)
                                      *
1행에 오류:
ORA-00984: 열을 사용할 수 없습니다 


SQL> insert into dept01 values(70,'자재과','');

1 개의 행이 만들어졌습니다.

SQL> insert into dept01 values('','자재과','수원');

1 개의 행이 만들어졌습니다.

SQL> select * from emp;

     EMPNO ENAME      JOB              MGR HIREDATE        SAL       COMM       
---------- ---------- --------- ---------- -------- ---------- ----------       
    DEPTNO                                                                      
----------                                                                      
      7369 SMITH      CLERK           7902 80/12/17        800                  
        20                                                                      
                                                                                
      7499 ALLEN      SALESMAN        7698 81/02/20       1600        300       
        30                                                                      
                                                                                
      7521 WARD       SALESMAN        7698 81/02/22       1250        500       
        30                                                                      
                                                                                

     EMPNO ENAME      JOB              MGR HIREDATE        SAL       COMM       
---------- ---------- --------- ---------- -------- ---------- ----------       
    DEPTNO                                                                      
----------                                                                      
      7566 JONES      MANAGER         7839 81/04/02       2975                  
        20                                                                      
                                                                                
      7654 MARTIN     SALESMAN        7698 81/09/28       1250       1400       
        30                                                                      
                                                                                
      7698 BLAKE      MANAGER         7839 81/05/01       2850                  
        30                                                                      
                                                                                

     EMPNO ENAME      JOB              MGR HIREDATE        SAL       COMM       
---------- ---------- --------- ---------- -------- ---------- ----------       
    DEPTNO                                                                      
----------                                                                      
      7782 CLARK      MANAGER         7839 81/06/09       2450                  
        10                                                                      
                                                                                
      7788 SCOTT      ANALYST         7566 87/04/19       3000                  
        20                                                                      
                                                                                
      7839 KING       PRESIDENT            81/11/17       5000                  
        10                                                                      
                                                                                

     EMPNO ENAME      JOB              MGR HIREDATE        SAL       COMM       
---------- ---------- --------- ---------- -------- ---------- ----------       
    DEPTNO                                                                      
----------                                                                      
      7844 TURNER     SALESMAN        7698 81/09/08       1500          0       
        30                                                                      
                                                                                
      7876 ADAMS      CLERK           7788 87/05/23       1100                  
        20                                                                      
                                                                                
      7900 JAMES      CLERK           7698 81/12/03        950                  
        30                                                                      
                                                                                

     EMPNO ENAME      JOB              MGR HIREDATE        SAL       COMM       
---------- ---------- --------- ---------- -------- ---------- ----------       
    DEPTNO                                                                      
----------                                                                      
      7902 FORD       ANALYST         7566 81/12/03       3000                  
        20                                                                      
                                                                                
      7934 MILLER     CLERK           7782 82/01/23       1300                  
        10                                                                      
                                                                                

14 개의 행이 선택되었습니다.

SQL> create emp
  2  ;
create emp
       *
1행에 오류:
ORA-00901: CREATE 명령어가 부적합합니다 


SQL> create table emp;
create table emp
               *
1행에 오류:
ORA-00906: 누락된 좌괄호 


SQL> create table emp();
create table emp()
                 *
1행에 오류:
ORA-00904: : 부적합한 식별자 


SQL> select * from emp;

     EMPNO ENAME      JOB              MGR HIREDATE        SAL       COMM       
---------- ---------- --------- ---------- -------- ---------- ----------       
    DEPTNO                                                                      
----------                                                                      
      7369 SMITH      CLERK           7902 80/12/17        800                  
        20                                                                      
                                                                                
      7499 ALLEN      SALESMAN        7698 81/02/20       1600        300       
        30                                                                      
                                                                                
      7521 WARD       SALESMAN        7698 81/02/22       1250        500       
        30                                                                      
                                                                                

     EMPNO ENAME      JOB              MGR HIREDATE        SAL       COMM       
---------- ---------- --------- ---------- -------- ---------- ----------       
    DEPTNO                                                                      
----------                                                                      
      7566 JONES      MANAGER         7839 81/04/02       2975                  
        20                                                                      
                                                                                
      7654 MARTIN     SALESMAN        7698 81/09/28       1250       1400       
        30                                                                      
                                                                                
      7698 BLAKE      MANAGER         7839 81/05/01       2850                  
        30                                                                      
                                                                                

     EMPNO ENAME      JOB              MGR HIREDATE        SAL       COMM       
---------- ---------- --------- ---------- -------- ---------- ----------       
    DEPTNO                                                                      
----------                                                                      
      7782 CLARK      MANAGER         7839 81/06/09       2450                  
        10                                                                      
                                                                                
      7788 SCOTT      ANALYST         7566 87/04/19       3000                  
        20                                                                      
                                                                                
      7839 KING       PRESIDENT            81/11/17       5000                  
        10                                                                      
                                                                                

     EMPNO ENAME      JOB              MGR HIREDATE        SAL       COMM       
---------- ---------- --------- ---------- -------- ---------- ----------       
    DEPTNO                                                                      
----------                                                                      
      7844 TURNER     SALESMAN        7698 81/09/08       1500          0       
        30                                                                      
                                                                                
      7876 ADAMS      CLERK           7788 87/05/23       1100                  
        20                                                                      
                                                                                
      7900 JAMES      CLERK           7698 81/12/03        950                  
        30                                                                      
                                                                                

     EMPNO ENAME      JOB              MGR HIREDATE        SAL       COMM       
---------- ---------- --------- ---------- -------- ---------- ----------       
    DEPTNO                                                                      
----------                                                                      
      7902 FORD       ANALYST         7566 81/12/03       3000                  
        20                                                                      
                                                                                
      7934 MILLER     CLERK           7782 82/01/23       1300                  
        10                                                                      
                                                                                

14 개의 행이 선택되었습니다.

SQL> select * from tab;

TNAME                          TABTYPE  CLUSTERID                               
------------------------------ ------- ----------                               
BIN$LVn9K3YpT6+59fZN3m2p8g==$0 TABLE                                            
BONUS                          TABLE                                            
DEPT                           TABLE                                            
DEPT01                         TABLE                                            
EMP                            TABLE                                            
EMP01                          TABLE                                            
EMP03                          TABLE                                            
SALGRADE                       TABLE                                            
SAM01                          TABLE                                            

9 개의 행이 선택되었습니다.

SQL> create table emp02 as select empno, ename, job, sal from emp where 1=0;

테이블이 생성되었습니다.

SQL> select * from tab;

TNAME                          TABTYPE  CLUSTERID                               
------------------------------ ------- ----------                               
BIN$LVn9K3YpT6+59fZN3m2p8g==$0 TABLE                                            
BONUS                          TABLE                                            
DEPT                           TABLE                                            
DEPT01                         TABLE                                            
EMP                            TABLE                                            
EMP01                          TABLE                                            
EMP02                          TABLE                                            
EMP03                          TABLE                                            
SALGRADE                       TABLE                                            
SAM01                          TABLE                                            

10 개의 행이 선택되었습니다.

SQL> select * from emp02;

선택된 레코드가 없습니다.

SQL> desc emp02;
 이름                                      널?      유형
 ----------------------------------------- -------- ----------------------------
 EMPNO                                              NUMBER(4)
 ENAME                                              VARCHAR2(10)
 JOB                                                VARCHAR2(9)
 SAL                                                NUMBER(7,2)

SQL> 테이블 구조 복사
SP2-0734: "테이블 구..."(으)로 시작되는 알 수 없는 명령 - 나머지 줄은 무시되었습니다.
SQL> --테이블 구조 복사
SQL> insert into emp02
  2  values (1000, 'APPLE','POLICE',10000) values(900,'BANANA','POLICE',10300);
values (1000, 'APPLE','POLICE',10000) values(900,'BANANA','POLICE',10300)
                                      *
2행에 오류:
ORA-00933: SQL 명령어가 올바르게 종료되지 않았습니다 


SQL> insert into emp02
  2  values (1000, 'APPLE','POLICE',10000);

1 개의 행이 만들어졌습니다.

SQL> values (1500, 'BANANA','POLICE',9000);
SP2-0734: "values (15..."(으)로 시작되는 알 수 없는 명령 - 나머지 줄은 무시되었습니다.
SQL> insert into emp02
  2  values (1000, 'APPLE','POLICE',10000);

1 개의 행이 만들어졌습니다.

SQL> insert into emp02
  2  values (1200, 'BLUEBERRY','NURSE',13000);

1 개의 행이 만들어졌습니다.

SQL> values (1200, 'YES MAN','MANAGER',13500);
SP2-0734: "values (12..."(으)로 시작되는 알 수 없는 명령 - 나머지 줄은 무시되었습니다.
SQL> insert into emp02
  2  values (1200, 'CAT MAN','NURSE',13000););
values (1200, 'CAT MAN','NURSE',13000);)
                                      *
2행에 오류:
ORA-00911: 문자가 부적합합니다 


SQL> insert into emp02
  2  values (1200, 'CAT MAN','NURSE',13000);

1 개의 행이 만들어졌습니다.

SQL> select * from emp02;

     EMPNO ENAME      JOB              SAL                                      
---------- ---------- --------- ----------                                      
      1000 APPLE      POLICE         10000                                      
      1000 APPLE      POLICE         10000                                      
      1200 BLUEBERRY  NURSE          13000                                      
      1200 CAT MAN    NURSE          13000                                      

SQL> insert into sam001(empno, ename, job, sal)
  2  values(1020, 'ORANGE','DOCTOR',25000);
insert into sam001(empno, ename, job, sal)
            *
1행에 오류:
ORA-00942: 테이블 또는 뷰가 존재하지 않습니다 


SQL> CREATE TABLE sam001;
CREATE TABLE sam001
                  *
1행에 오류:
ORA-00906: 누락된 좌괄호 


SQL> CREATE TABLE sam001(emp no, ename, job, sal);
CREATE TABLE sam001(emp no, ename, job, sal)
                            *
1행에 오류:
ORA-02263: 열의 데이터 유형을 지정해 주십시오 


SQL> CREATE TABLE sam001(empno, ename, job, sal);
CREATE TABLE sam001(empno, ename, job, sal)
                    *
1행에 오류:
ORA-02263: 열의 데이터 유형을 지정해 주십시오 


SQL> CREATE table sam002 as select empno, ename, job, sal, from emp where 1=0;
CREATE table sam002 as select empno, ename, job, sal, from emp where 1=0
                                                      *
1행에 오류:
ORA-00936: 누락된 표현식 


SQL> CREATE table sam002 as select empno, ename, job, sal from emp where 1=0;

테이블이 생성되었습니다.

SQL> select * from sam002;

선택된 레코드가 없습니다.

SQL> desc sam002;
 이름                                      널?      유형
 ----------------------------------------- -------- ----------------------------
 EMPNO                                              NUMBER(4)
 ENAME                                              VARCHAR2(10)
 JOB                                                VARCHAR2(9)
 SAL                                                NUMBER(7,2)

SQL> alter table sam002 add(StudyGroup varchar(30));

테이블이 변경되었습니다.

SQL> desc sam002;
 이름                                      널?      유형
 ----------------------------------------- -------- ----------------------------
 EMPNO                                              NUMBER(4)
 ENAME                                              VARCHAR2(10)
 JOB                                                VARCHAR2(9)
 SAL                                                NUMBER(7,2)
 STUDYGROUP                                         VARCHAR2(30)

SQL> alter table sam002 add(SlEEPMODE CHAR(25));

테이블이 변경되었습니다.

SQL> DESC SAM002;
 이름                                      널?      유형
 ----------------------------------------- -------- ----------------------------
 EMPNO                                              NUMBER(4)
 ENAME                                              VARCHAR2(10)
 JOB                                                VARCHAR2(9)
 SAL                                                NUMBER(7,2)
 STUDYGROUP                                         VARCHAR2(30)
 SLEEPMODE                                          CHAR(25)

SQL> INSERT INTO SAM002 VALUES(9000,'ORANGE','PEOPLE',1500);
INSERT INTO SAM002 VALUES(9000,'ORANGE','PEOPLE',1500)
            *
1행에 오류:
ORA-00947: 값의 수가 충분하지 않습니다 


SQL> INSERT INTO SAM002 VALUES(9000,'ORANGE','PEOPLE');
INSERT INTO SAM002 VALUES(9000,'ORANGE','PEOPLE')
            *
1행에 오류:
ORA-00947: 값의 수가 충분하지 않습니다 


SQL> INSERT INTO SAM002 VALUES(1000,'ORANGE','PEOPLE',50,'SAL','');

1 개의 행이 만들어졌습니다.

SQL> INSERT INTO SAM002 VALUES(1000,'ORANGE','',50,'SAL','');

1 개의 행이 만들어졌습니다.

SQL> INSERT INTO SAM002 VALUES('','ORANGE','',50,'SAL','');

1 개의 행이 만들어졌습니다.

SQL> INSERT INTO SAM002 VALUES('9000','BANANA','5050',50,'SAL','DARAMJWI');

1 개의 행이 만들어졌습니다.

SQL> INSERT INTO SAM002 VALUES('1230','ZIP','9001',800,'DAL','COALLA');

1 개의 행이 만들어졌습니다.

SQL> DESC SAM002;
 이름                                      널?      유형
 ----------------------------------------- -------- ----------------------------
 EMPNO                                              NUMBER(4)
 ENAME                                              VARCHAR2(10)
 JOB                                                VARCHAR2(9)
 SAL                                                NUMBER(7,2)
 STUDYGROUP                                         VARCHAR2(30)
 SLEEPMODE                                          CHAR(25)

SQL> SELECT * FROM SAM002;

     EMPNO ENAME      JOB              SAL STUDYGROUP                           
---------- ---------- --------- ---------- ------------------------------       
SLEEPMODE                                                                       
-------------------------                                                       
      1000 ORANGE     PEOPLE            50 SAL                                  
                                                                                
                                                                                
      1000 ORANGE                       50 SAL                                  
                                                                                
                                                                                
           ORANGE                       50 SAL                                  
                                                                                
                                                                                

     EMPNO ENAME      JOB              SAL STUDYGROUP                           
---------- ---------- --------- ---------- ------------------------------       
SLEEPMODE                                                                       
-------------------------                                                       
      9000 BANANA     5050              50 SAL                                  
DARAMJWI                                                                        
                                                                                
      1230 ZIP        9001             800 DAL                                  
COALLA                                                                          
                                                                                

SQL> SET LINESIZE 90
SQL> SELECT * FROM SAM002;

     EMPNO ENAME      JOB              SAL STUDYGROUP                                     
---------- ---------- --------- ---------- ------------------------------                 
SLEEPMODE                                                                                 
-------------------------                                                                 
      1000 ORANGE     PEOPLE            50 SAL                                            
                                                                                          
                                                                                          
      1000 ORANGE                       50 SAL                                            
                                                                                          
                                                                                          
           ORANGE                       50 SAL                                            
                                                                                          
                                                                                          

     EMPNO ENAME      JOB              SAL STUDYGROUP                                     
---------- ---------- --------- ---------- ------------------------------                 
SLEEPMODE                                                                                 
-------------------------                                                                 
      9000 BANANA     5050              50 SAL                                            
DARAMJWI                                                                                  
                                                                                          
      1230 ZIP        9001             800 DAL                                            
COALLA                                                                                    
                                                                                          

SQL> SET LINESIZE 150
SQL> SELECT * FROM SAM002;

     EMPNO ENAME      JOB              SAL STUDYGROUP                     SLEEPMODE                                                                   
---------- ---------- --------- ---------- ------------------------------ -------------------------                                                   
      1000 ORANGE     PEOPLE            50 SAL                                                                                                        
      1000 ORANGE                       50 SAL                                                                                                        
           ORANGE                       50 SAL                                                                                                        
      9000 BANANA     5050              50 SAL                            DARAMJWI                                                                    
      1230 ZIP        9001             800 DAL                            COALLA                                                                      

SQL> create table score (snum number(3), kor number(3), eng number(3), mat number(3), tot number(3), avg number(5,3), enmae varchar2(5));

테이블이 생성되었습니다.

SQL> desc score;
 이름                                                                                널?      유형
 ----------------------------------------------------------------------------------- -------- --------------------------------------------------------
 SNUM                                                                                         NUMBER(3)
 KOR                                                                                          NUMBER(3)
 ENG                                                                                          NUMBER(3)
 MAT                                                                                          NUMBER(3)
 TOT                                                                                          NUMBER(3)
 AVG                                                                                          NUMBER(5,3)
 ENMAE                                                                                        VARCHAR2(5)

SQL> set linesize 110
SQL> desc score;
 이름                                                        널?      유형
 ----------------------------------------------------------- -------- ----------------------------------------
 SNUM                                                                 NUMBER(3)
 KOR                                                                  NUMBER(3)
 ENG                                                                  NUMBER(3)
 MAT                                                                  NUMBER(3)
 TOT                                                                  NUMBER(3)
 AVG                                                                  NUMBER(5,3)
 ENMAE                                                                VARCHAR2(5)

SQL> insert into score values? (001, 90, 70, 80, 280, 77.333, 'ooo');
insert into score values? (001, 90, 70, 80, 280, 77.333, 'ooo')
                        *
1행에 오류:
ORA-00911: 문자가 부적합합니다 


SQL> insert into score values (001, 90, 70, 80, 280, 77.333, 'ooo');

1 개의 행이 만들어졌습니다.

SQL> select * from score;

      SNUM        KOR        ENG        MAT        TOT        AVG ENMAE                                       
---------- ---------- ---------- ---------- ---------- ---------- -----                                       
         1         90         70         80        280     77.333 ooo                                         

SQL> alter table score modify(avg number(5,2));
alter table score modify(avg number(5,2))
                         *
1행에 오류:
ORA-01440: 정도 또는 자리수를 축소할 열은 비어 있어야 합니다 


SQL> alter table score modify(avg number(5,2));
alter table score modify(avg number(5,2))
                         *
1행에 오류:
ORA-01440: 정도 또는 자리수를 축소할 열은 비어 있어야 합니다 


SQL> trucate score;
SP2-0734: "trucate sc..."(으)로 시작되는 알 수 없는 명령 - 나머지 줄은 무시되었습니다.
SQL> trucate table score;
SP2-0734: "trucate ta..."(으)로 시작되는 알 수 없는 명령 - 나머지 줄은 무시되었습니다.
SQL> Truncate score;
Truncate score
             *
1행에 오류:
ORA-03290: 부적절한 truncate 명령어 - CLUSTER 혹은 TABLE 키워드의 누락 


SQL> Truncate table score;

테이블이 잘렸습니다.

SQL> desc score;
 이름                                                        널?      유형
 ----------------------------------------------------------- -------- ----------------------------------------
 SNUM                                                                 NUMBER(3)
 KOR                                                                  NUMBER(3)
 ENG                                                                  NUMBER(3)
 MAT                                                                  NUMBER(3)
 TOT                                                                  NUMBER(3)
 AVG                                                                  NUMBER(5,3)
 ENMAE                                                                VARCHAR2(5)

SQL> select * from score;

선택된 레코드가 없습니다.

SQL> alter table score modify(avg number(5,2));

테이블이 변경되었습니다.

SQL> desc score;
 이름                                                        널?      유형
 ----------------------------------------------------------- -------- ----------------------------------------
 SNUM                                                                 NUMBER(3)
 KOR                                                                  NUMBER(3)
 ENG                                                                  NUMBER(3)
 MAT                                                                  NUMBER(3)
 TOT                                                                  NUMBER(3)
 AVG                                                                  NUMBER(5,2)
 ENMAE                                                                VARCHAR2(5)

SQL> insert into score (avg) values (80.999);

1 개의 행이 만들어졌습니다.

SQL> select * from score;

      SNUM        KOR        ENG        MAT        TOT        AVG ENMAE                                       
---------- ---------- ---------- ---------- ---------- ---------- -----                                       
                                                               81                                             

SQL> insert into score (avg) values (80.989);

1 개의 행이 만들어졌습니다.

SQL> select * from score;

      SNUM        KOR        ENG        MAT        TOT        AVG ENMAE                                       
---------- ---------- ---------- ---------- ---------- ---------- -----                                       
                                                               81                                             
                                                            80.99                                             

SQL> insert into sam002 values(1000,'apple',null,1000);
insert into sam002 values(1000,'apple',null,1000)
            *
1행에 오류:
ORA-00947: 값의 수가 충분하지 않습니다 


SQL> select * from tab;

TNAME                          TABTYPE  CLUSTERID                                                             
------------------------------ ------- ----------                                                             
BIN$LVn9K3YpT6+59fZN3m2p8g==$0 TABLE                                                                          
BONUS                          TABLE                                                                          
DEPT                           TABLE                                                                          
DEPT01                         TABLE                                                                          
EMP                            TABLE                                                                          
EMP01                          TABLE                                                                          
EMP02                          TABLE                                                                          
EMP03                          TABLE                                                                          
SALGRADE                       TABLE                                                                          
SAM002                         TABLE                                                                          
SAM01                          TABLE                                                                          

TNAME                          TABTYPE  CLUSTERID                                                             
------------------------------ ------- ----------                                                             
SCORE                          TABLE                                                                          

12 개의 행이 선택되었습니다.

SQL> alter table sam01 add (empno number(4), ename varchar(), job varchar(), sal number(5));
alter table sam01 add (empno number(4), ename varchar(), job varchar(), sal number(5))
                                                      *
1행에 오류:
ORA-00910: 데이터형에 지정된 길이가 너무 깁니다 


SQL> alter table sam01 add (empno number(4), ename varchar(6), job varchar(6), sal number(5));

테이블이 변경되었습니다.

SQL> insert into sam01(empno, ename, job, sal) values (01, 'KA', 'MINNING', 700);
insert into sam01(empno, ename, job, sal) values (01, 'KA', 'MINNING', 700)
                                                            *
1행에 오류:
ORA-12899: "SCOTT"."SAM01"."JOB" 열에 대한 값이 너무 큼(실제: 7, 최대값: 6) 


SQL> desc sam01
 이름                                                        널?      유형
 ----------------------------------------------------------- -------- ----------------------------------------
 YEAR01                                                               INTERVAL YEAR(3) TO MONTH
 EMPNO                                                                NUMBER(4)
 ENAME                                                                VARCHAR2(6)
 JOB                                                                  VARCHAR2(6)
 SAL                                                                  NUMBER(5)

SQL> insert into sam01(empno, ename, job, sal) values (01, 'KA', 'MINNIN', 700);

1 개의 행이 만들어졌습니다.

SQL> insert into sam01(empno, ename, job, sal) values (007, 'KaA', 'MINaNIN', 7000);
insert into sam01(empno, ename, job, sal) values (007, 'KaA', 'MINaNIN', 7000)
                                                              *
1행에 오류:
ORA-12899: "SCOTT"."SAM01"."JOB" 열에 대한 값이 너무 큼(실제: 7, 최대값: 6) 


SQL> insert into sam01(empno, ename, job, sal) values (007, 'KaA', 'MINaIN', 7000);

1 개의 행이 만들어졌습니다.

SQL> insert into sam01(empno, ename, job, sal) values (07, 'KA', 'MNaIN', 7300);

1 개의 행이 만들어졌습니다.

SQL> insert into sam01(empno, ename, job, sal) values (0227, 'KaaA', 'MNIN', 730);

1 개의 행이 만들어졌습니다.

SQL> insert into sam01(empno, ename, job, sal) values (500, 'Samson', 'Biblep', 50000);

1 개의 행이 만들어졌습니다.

SQL> select * from sam01;

YEAR01                                                                           EMPNO ENAME  JOB             
--------------------------------------------------------------------------- ---------- ------ ------          
       SAL                                                                                                    
----------                                                                                                    
+003-00                                                                                                       
                                                                                                              
                                                                                                              
                                                                                     1 KA     MINNIN          
       700                                                                                                    
                                                                                                              
                                                                                     7 KaA    MINaIN          
      7000                                                                                                    
                                                                                                              

YEAR01                                                                           EMPNO ENAME  JOB             
--------------------------------------------------------------------------- ---------- ------ ------          
       SAL                                                                                                    
----------                                                                                                    
                                                                                     7 KA     MNaIN           
      7300                                                                                                    
                                                                                                              
                                                                                   227 KaaA   MNIN            
       730                                                                                                    
                                                                                                              
                                                                                   500 Samson Biblep          
     50000                                                                                                    
                                                                                                              

6 개의 행이 선택되었습니다.

SQL> set linesize 100;
SQL> select * from sam01;

YEAR01                                                                           EMPNO ENAME  JOB   
--------------------------------------------------------------------------- ---------- ------ ------
       SAL                                                                                          
----------                                                                                          
+003-00                                                                                             
                                                                                                    
                                                                                                    
                                                                                     1 KA     MINNIN
       700                                                                                          
                                                                                                    
                                                                                     7 KaA    MINaIN
      7000                                                                                          
                                                                                                    

YEAR01                                                                           EMPNO ENAME  JOB   
--------------------------------------------------------------------------- ---------- ------ ------
       SAL                                                                                          
----------                                                                                          
                                                                                     7 KA     MNaIN 
      7300                                                                                          
                                                                                                    
                                                                                   227 KaaA   MNIN  
       730                                                                                          
                                                                                                    
                                                                                   500 Samson Biblep
     50000                                                                                          
                                                                                                    

6 개의 행이 선택되었습니다.

SQL> set linesize 50;
SQL> select * from sam01;

YEAR01                                            
--------------------------------------------------
     EMPNO ENAME  JOB           SAL               
---------- ------ ------ ----------               
+003-00                                           
                                                  
                                                  
                                                  
         1 KA     MINNIN        700               
                                                  
                                                  
         7 KaA    MINaIN       7000               
                                                  

YEAR01                                            
--------------------------------------------------
     EMPNO ENAME  JOB           SAL               
---------- ------ ------ ----------               
                                                  
         7 KA     MNaIN        7300               
                                                  
                                                  
       227 KaaA   MNIN          730               
                                                  
                                                  
       500 Samson Biblep      50000               
                                                  

6 개의 행이 선택되었습니다.

SQL> select * from sam01;

YEAR01                                            
--------------------------------------------------
     EMPNO ENAME  JOB           SAL               
---------- ------ ------ ----------               
+003-00                                           
                                                  
                                                  
                                                  
         1 KA     MINNIN        700               
                                                  
                                                  
         7 KaA    MINaIN       7000               
                                                  

YEAR01                                            
--------------------------------------------------
     EMPNO ENAME  JOB           SAL               
---------- ------ ------ ----------               
                                                  
         7 KA     MNaIN        7300               
                                                  
                                                  
       227 KaaA   MNIN          730               
                                                  
                                                  
       500 Samson Biblep      50000               
                                                  

6 개의 행이 선택되었습니다.

SQL> truncate table sam01;

테이블이 잘렸습니다.

SQL> select * from sam01;

선택된 레코드가 없습니다.

SQL> desc table sam01;
사용법: DESCRIBE [schema.]object[@db_link]
SQL> desc sam01;
 이름                    널?      유형
 ----------------------- -------- ----------------
 YEAR01                           INTERVAL YEAR(3)
                                   TO MONTH
 EMPNO                            NUMBER(4)
 ENAME                            VARCHAR2(6)
 JOB                              VARCHAR2(6)
 SAL                              NUMBER(5)

SQL> insert into sam01(empno, ename, job, sal) values (1000, 'apple', 'police', 10000);

1 개의 행이 만들어졌습니다.

SQL> insert into sam01(empno, ename, job, sal) values (1010, 'banana','nurse',10000);

1 개의 행이 만들어졌습니다.

SQL> insert into sam01(empno, ename, job, sal) values (1020, 'orange','doctor',25000);

1 개의 행이 만들어졌습니다.

SQL> insert into sam01(empno, ename, job, sal) values (1030, 'vary','',25000);

1 개의 행이 만들어졌습니다.

SQL> insert into sam01(empno, ename, job, sal) values (1040, 'cat','',2000);

1 개의 행이 만들어졌습니다.

SQL> insert into sam01(empno, ename, job, sal) values (7782, 'clark','manager',1500);
insert into sam01(empno, ename, job, sal) values (7782, 'clark','manager',1500)
                                                                *
1행에 오류:
ORA-12899: "SCOTT"."SAM01"."JOB" 열에 대한 값이
너무 큼(실제: 7, 최대값: 6) 


SQL> insert into sam01(empno, ename, job, sal) values (7782, 'clark','manage',1500);

1 개의 행이 만들어졌습니다.

SQL> insert into sam01(empno, ename, job, sal) values (7780, 'king','planer',3000);

1 개의 행이 만들어졌습니다.

SQL> insert into sam01(empno, ename, job, sal) values (8000, 'miller','guest',10000);

1 개의 행이 만들어졌습니다.

SQL> select * from sam01;

YEAR01                                            
--------------------------------------------------
     EMPNO ENAME  JOB           SAL               
---------- ------ ------ ----------               
                                                  
      1000 apple  police      10000               
                                                  
                                                  
      1010 banana nurse       10000               
                                                  
                                                  
      1020 orange doctor      25000               
                                                  

YEAR01                                            
--------------------------------------------------
     EMPNO ENAME  JOB           SAL               
---------- ------ ------ ----------               
                                                  
      1030 vary               25000               
                                                  
                                                  
      1040 cat                 2000               
                                                  
                                                  
      7782 clark  manage       1500               
                                                  

YEAR01                                            
--------------------------------------------------
     EMPNO ENAME  JOB           SAL               
---------- ------ ------ ----------               
                                                  
      7780 king   planer       3000               
                                                  
                                                  
      8000 miller guest       10000               
                                                  

8 개의 행이 선택되었습니다.

SQL> set pagesize 13;
SQL> select * from sam01;

YEAR01                                            
--------------------------------------------------
     EMPNO ENAME  JOB           SAL               
---------- ------ ------ ----------               
                                                  
      1000 apple  police      10000               
                                                  
                                                  
      1010 banana nurse       10000               
                                                  
                                                  
      1020 orange doctor      25000               

YEAR01                                            
--------------------------------------------------
     EMPNO ENAME  JOB           SAL               
---------- ------ ------ ----------               
                                                  
                                                  
      1030 vary               25000               
                                                  
                                                  
      1040 cat                 2000               
                                                  
                                                  

YEAR01                                            
--------------------------------------------------
     EMPNO ENAME  JOB           SAL               
---------- ------ ------ ----------               
      7782 clark  manage       1500               
                                                  
                                                  
      7780 king   planer       3000               
                                                  
                                                  
      8000 miller guest       10000               
                                                  

8 개의 행이 선택되었습니다.

SQL> set pagesize 20;
SQL> select * from sam01;

YEAR01                                            
--------------------------------------------------
     EMPNO ENAME  JOB           SAL               
---------- ------ ------ ----------               
                                                  
      1000 apple  police      10000               
                                                  
                                                  
      1010 banana nurse       10000               
                                                  
                                                  
      1020 orange doctor      25000               
                                                  
                                                  
      1030 vary               25000               
                                                  
                                                  
      1040 cat                 2000               
                                                  

YEAR01                                            
--------------------------------------------------
     EMPNO ENAME  JOB           SAL               
---------- ------ ------ ----------               
                                                  
      7782 clark  manage       1500               
                                                  
                                                  
      7780 king   planer       3000               
                                                  
                                                  
      8000 miller guest       10000               
                                                  

8 개의 행이 선택되었습니다.

SQL> select * from sam01;

YEAR01                                            
--------------------------------------------------
     EMPNO ENAME  JOB           SAL               
---------- ------ ------ ----------               
                                                  
      1000 apple  police      10000               
                                                  
                                                  
      1010 banana nurse       10000               
                                                  
                                                  
      1020 orange doctor      25000               
                                                  
                                                  
      1030 vary               25000               
                                                  
                                                  
      1040 cat                 2000               
                                                  

YEAR01                                            
--------------------------------------------------
     EMPNO ENAME  JOB           SAL               
---------- ------ ------ ----------               
                                                  
      7782 clark  manage       1500               
                                                  
                                                  
      7780 king   planer       3000               
                                                  
                                                  
      8000 miller guest       10000               
                                                  

8 개의 행이 선택되었습니다.

SQL> desc sam01;
 이름                    널?      유형
 ----------------------- -------- ----------------
 YEAR01                           INTERVAL YEAR(3)
                                   TO MONTH
 EMPNO                            NUMBER(4)
 ENAME                            VARCHAR2(6)
 JOB                              VARCHAR2(6)
 SAL                              NUMBER(5)

SQL> alter table sam01 drop(column YEAR01);
alter table sam01 drop(column YEAR01)
                       *
1행에 오류:
ORA-00904: : 부적합한 식별자 


SQL> alter table sam01 drop(YEAR01);

테이블이 변경되었습니다.

SQL> desc sam01;
 이름                    널?      유형
 ----------------------- -------- ----------------
 EMPNO                            NUMBER(4)
 ENAME                            VARCHAR2(6)
 JOB                              VARCHAR2(6)
 SAL                              NUMBER(5)

SQL> 
SQL> 
SQL> select * from sam01;

     EMPNO ENAME  JOB           SAL               
---------- ------ ------ ----------               
      1000 apple  police      10000               
      1010 banana nurse       10000               
      1020 orange doctor      25000               
      1030 vary               25000               
      1040 cat                 2000               
      7782 clark  manage       1500               
      7780 king   planer       3000               
      8000 miller guest       10000               

8 개의 행이 선택되었습니다.

SQL> set pagesize 13
SQL> insert into emp01 select empno, ename, sal, from emp where dep;
insert into emp01 select empno, ename, sal, from emp where dep
                                            *
1행에 오류:
ORA-00936: 누락된 표현식 


SQL> insert into emp01 select empno, ename, sal, from emp where dept;
insert into emp01 select empno, ename, sal, from emp where dept
                                            *
1행에 오류:
ORA-00936: 누락된 표현식 


SQL> insert into emp01 select empno, ename, sal, from emp where deptno;
insert into emp01 select empno, ename, sal, from emp where deptno
                                            *
1행에 오류:
ORA-00936: 누락된 표현식 


SQL> insert into emp01 select empno, ename, sal, from emp where deptno=10;
insert into emp01 select empno, ename, sal, from emp where deptno=10
                                            *
1행에 오류:
ORA-00936: 누락된 표현식 


SQL> insert into emp01 select empno, ename, sal from emp where deptno=10;
insert into emp01 select empno, ename, sal from emp where deptno=10
            *
1행에 오류:
ORA-00947: 값의 수가 충분하지 않습니다 


SQL> insert into sam01 select empno, ename, sal from emp where deptno=10;
insert into sam01 select empno, ename, sal from emp where deptno=10
            *
1행에 오류:
ORA-00947: 값의 수가 충분하지 않습니다 


SQL> insert into sam01 select empno, ename, job, sal from emp where deptno=10;
insert into sam01 select empno, ename, job, sal from emp where deptno=10
                                       *
1행에 오류:
ORA-12899: "SCOTT"."SAM01"."JOB" 열에 대한 값이
너무 큼(실제: 7, 최대값: 6) 


SQL> alter table sam01 modify(job varchar2(10));

테이블이 변경되었습니다.

SQL> insert into sam01 select empno, ename, job, sal from emp where deptno=10;

3 개의 행이 만들어졌습니다.

SQL> select * from sam01;

     EMPNO ENAME  JOB               SAL           
---------- ------ ---------- ----------           
      1000 apple  police          10000           
      1010 banana nurse           10000           
      1020 orange doctor          25000           
      1030 vary                   25000           
      1040 cat                     2000           
      7782 clark  manage           1500           
      7780 king   planer           3000           
      8000 miller guest           10000           
      7782 CLARK  MANAGER          2450           
      7839 KING   PRESIDENT        5000           

     EMPNO ENAME  JOB               SAL           
---------- ------ ---------- ----------           
      7934 MILLER CLERK            1300           

11 개의 행이 선택되었습니다.

SQL> select * from emp;

     EMPNO ENAME      JOB              MGR        
---------- ---------- --------- ----------        
HIREDATE        SAL       COMM     DEPTNO         
-------- ---------- ---------- ----------         
      7369 SMITH      CLERK           7902        
80/12/17        800                    20         
                                                  
      7499 ALLEN      SALESMAN        7698        
81/02/20       1600        300         30         
                                                  
      7521 WARD       SALESMAN        7698        
81/02/22       1250        500         30         

     EMPNO ENAME      JOB              MGR        
---------- ---------- --------- ----------        
HIREDATE        SAL       COMM     DEPTNO         
-------- ---------- ---------- ----------         
                                                  
      7566 JONES      MANAGER         7839        
81/04/02       2975                    20         
                                                  
      7654 MARTIN     SALESMAN        7698        
81/09/28       1250       1400         30         
                                                  
      7698 BLAKE      MANAGER         7839        

     EMPNO ENAME      JOB              MGR        
---------- ---------- --------- ----------        
HIREDATE        SAL       COMM     DEPTNO         
-------- ---------- ---------- ----------         
81/05/01       2850                    30         
                                                  
      7782 CLARK      MANAGER         7839        
81/06/09       2450                    10         
                                                  
      7788 SCOTT      ANALYST         7566        
87/04/19       3000                    20         
                                                  

     EMPNO ENAME      JOB              MGR        
---------- ---------- --------- ----------        
HIREDATE        SAL       COMM     DEPTNO         
-------- ---------- ---------- ----------         
      7839 KING       PRESIDENT                   
81/11/17       5000                    10         
                                                  
      7844 TURNER     SALESMAN        7698        
81/09/08       1500          0         30         
                                                  
      7876 ADAMS      CLERK           7788        
87/05/23       1100                    20         

     EMPNO ENAME      JOB              MGR        
---------- ---------- --------- ----------        
HIREDATE        SAL       COMM     DEPTNO         
-------- ---------- ---------- ----------         
                                                  
      7900 JAMES      CLERK           7698        
81/12/03        950                    30         
                                                  
      7902 FORD       ANALYST         7566        
81/12/03       3000                    20         
                                                  
      7934 MILLER     CLERK           7782        

     EMPNO ENAME      JOB              MGR        
---------- ---------- --------- ----------        
HIREDATE        SAL       COMM     DEPTNO         
-------- ---------- ---------- ----------         
82/01/23       1300                    10         
                                                  

14 개의 행이 선택되었습니다.

SQL> set linesize 130
SQL> select * from emp;

     EMPNO ENAME      JOB              MGR HIREDATE        SAL       COMM     DEPTNO                                              
---------- ---------- --------- ---------- -------- ---------- ---------- ----------                                              
      7369 SMITH      CLERK           7902 80/12/17        800                    20                                              
      7499 ALLEN      SALESMAN        7698 81/02/20       1600        300         30                                              
      7521 WARD       SALESMAN        7698 81/02/22       1250        500         30                                              
      7566 JONES      MANAGER         7839 81/04/02       2975                    20                                              
      7654 MARTIN     SALESMAN        7698 81/09/28       1250       1400         30                                              
      7698 BLAKE      MANAGER         7839 81/05/01       2850                    30                                              
      7782 CLARK      MANAGER         7839 81/06/09       2450                    10                                              
      7788 SCOTT      ANALYST         7566 87/04/19       3000                    20                                              
      7839 KING       PRESIDENT            81/11/17       5000                    10                                              
      7844 TURNER     SALESMAN        7698 81/09/08       1500          0         30                                              

     EMPNO ENAME      JOB              MGR HIREDATE        SAL       COMM     DEPTNO                                              
---------- ---------- --------- ---------- -------- ---------- ---------- ----------                                              
      7876 ADAMS      CLERK           7788 87/05/23       1100                    20                                              
      7900 JAMES      CLERK           7698 81/12/03        950                    30                                              
      7902 FORD       ANALYST         7566 81/12/03       3000                    20                                              
      7934 MILLER     CLERK           7782 82/01/23       1300                    10                                              

14 개의 행이 선택되었습니다.

SQL> spool off
